Archive member included to satisfy reference by file (symbol)

c:/progra~2/gnuarm~1/102021~1.10/bin/../lib/gcc/arm-none-eabi/10.3.1/../../../../arm-none-eabi/lib/thumb/v7-m/nofp\libc_nano.a(lib_a-exit.o)
                              c:/progra~2/gnuarm~1/102021~1.10/bin/../lib/gcc/arm-none-eabi/10.3.1/../../../../arm-none-eabi/lib/thumb/v7-m/nofp/crt0.o (exit)
c:/progra~2/gnuarm~1/102021~1.10/bin/../lib/gcc/arm-none-eabi/10.3.1/../../../../arm-none-eabi/lib/thumb/v7-m/nofp\libc_nano.a(lib_a-impure.o)
                              c:/progra~2/gnuarm~1/102021~1.10/bin/../lib/gcc/arm-none-eabi/10.3.1/../../../../arm-none-eabi/lib/thumb/v7-m/nofp\libc_nano.a(lib_a-exit.o) (_global_impure_ptr)
c:/progra~2/gnuarm~1/102021~1.10/bin/../lib/gcc/arm-none-eabi/10.3.1/../../../../arm-none-eabi/lib/thumb/v7-m/nofp\libc_nano.a(lib_a-init.o)
                              c:/progra~2/gnuarm~1/102021~1.10/bin/../lib/gcc/arm-none-eabi/10.3.1/../../../../arm-none-eabi/lib/thumb/v7-m/nofp/crt0.o (__libc_init_array)
c:/progra~2/gnuarm~1/102021~1.10/bin/../lib/gcc/arm-none-eabi/10.3.1/../../../../arm-none-eabi/lib/thumb/v7-m/nofp\libc_nano.a(lib_a-memcmp.o)
                              CMakeFiles/RFID.elf.dir/Core/Src/lock.c.obj (memcmp)
c:/progra~2/gnuarm~1/102021~1.10/bin/../lib/gcc/arm-none-eabi/10.3.1/../../../../arm-none-eabi/lib/thumb/v7-m/nofp\libc_nano.a(lib_a-memcpy-stub.o)
                              CMakeFiles/RFID.elf.dir/Drivers/iUnilib/Interface/interface.c.obj (memcpy)
c:/progra~2/gnuarm~1/102021~1.10/bin/../lib/gcc/arm-none-eabi/10.3.1/../../../../arm-none-eabi/lib/thumb/v7-m/nofp\libc_nano.a(lib_a-memset.o)
                              c:/progra~2/gnuarm~1/102021~1.10/bin/../lib/gcc/arm-none-eabi/10.3.1/../../../../arm-none-eabi/lib/thumb/v7-m/nofp/crt0.o (memset)
c:/progra~2/gnuarm~1/102021~1.10/bin/../lib/gcc/arm-none-eabi/10.3.1/../../../../arm-none-eabi/lib/thumb/v7-m/nofp\libc_nano.a(lib_a-nano-vfprintf_float.o)
                              (_printf_float)
c:/progra~2/gnuarm~1/102021~1.10/bin/../lib/gcc/arm-none-eabi/10.3.1/../../../../arm-none-eabi/lib/thumb/v7-m/nofp\libc_nano.a(lib_a-nano-vfprintf_i.o)
                              c:/progra~2/gnuarm~1/102021~1.10/bin/../lib/gcc/arm-none-eabi/10.3.1/../../../../arm-none-eabi/lib/thumb/v7-m/nofp\libc_nano.a(lib_a-nano-vfprintf_float.o) (_printf_common)
c:/progra~2/gnuarm~1/102021~1.10/bin/../lib/gcc/arm-none-eabi/10.3.1/../../../../arm-none-eabi/lib/thumb/v7-m/nofp\libc_nano.a(lib_a-strcmp.o)
                              CMakeFiles/RFID.elf.dir/Drivers/iUnilib/Interface/interface_collector.c.obj (strcmp)
c:/progra~2/gnuarm~1/102021~1.10/bin/../lib/gcc/arm-none-eabi/10.3.1/../../../../arm-none-eabi/lib/thumb/v7-m/nofp\libc_nano.a(lib_a-strlen.o)
                              c:/progra~2/gnuarm~1/102021~1.10/bin/../lib/gcc/arm-none-eabi/10.3.1/../../../../arm-none-eabi/lib/thumb/v7-m/nofp\libc_nano.a(lib_a-nano-vfprintf_float.o) (strlen)
c:/progra~2/gnuarm~1/102021~1.10/bin/../lib/gcc/arm-none-eabi/10.3.1/../../../../arm-none-eabi/lib/thumb/v7-m/nofp\libc_nano.a(lib_a-dtoa.o)
                              c:/progra~2/gnuarm~1/102021~1.10/bin/../lib/gcc/arm-none-eabi/10.3.1/../../../../arm-none-eabi/lib/thumb/v7-m/nofp\libc_nano.a(lib_a-nano-vfprintf_float.o) (_dtoa_r)
c:/progra~2/gnuarm~1/102021~1.10/bin/../lib/gcc/arm-none-eabi/10.3.1/../../../../arm-none-eabi/lib/thumb/v7-m/nofp\libc_nano.a(lib_a-localeconv.o)
                              c:/progra~2/gnuarm~1/102021~1.10/bin/../lib/gcc/arm-none-eabi/10.3.1/../../../../arm-none-eabi/lib/thumb/v7-m/nofp\libc_nano.a(lib_a-nano-vfprintf_float.o) (_localeconv_r)
c:/progra~2/gnuarm~1/102021~1.10/bin/../lib/gcc/arm-none-eabi/10.3.1/../../../../arm-none-eabi/lib/thumb/v7-m/nofp\libc_nano.a(lib_a-malloc.o)
                              c:/progra~2/gnuarm~1/102021~1.10/bin/../lib/gcc/arm-none-eabi/10.3.1/../../../../arm-none-eabi/lib/thumb/v7-m/nofp\libc_nano.a(lib_a-dtoa.o) (malloc)
c:/progra~2/gnuarm~1/102021~1.10/bin/../lib/gcc/arm-none-eabi/10.3.1/../../../../arm-none-eabi/lib/thumb/v7-m/nofp\libc_nano.a(lib_a-memchr-stub.o)
                              c:/progra~2/gnuarm~1/102021~1.10/bin/../lib/gcc/arm-none-eabi/10.3.1/../../../../arm-none-eabi/lib/thumb/v7-m/nofp\libc_nano.a(lib_a-nano-vfprintf_i.o) (memchr)
c:/progra~2/gnuarm~1/102021~1.10/bin/../lib/gcc/arm-none-eabi/10.3.1/../../../../arm-none-eabi/lib/thumb/v7-m/nofp\libc_nano.a(lib_a-mprec.o)
                              c:/progra~2/gnuarm~1/102021~1.10/bin/../lib/gcc/arm-none-eabi/10.3.1/../../../../arm-none-eabi/lib/thumb/v7-m/nofp\libc_nano.a(lib_a-dtoa.o) (_Balloc)
c:/progra~2/gnuarm~1/102021~1.10/bin/../lib/gcc/arm-none-eabi/10.3.1/../../../../arm-none-eabi/lib/thumb/v7-m/nofp\libc_nano.a(lib_a-nano-callocr.o)
                              c:/progra~2/gnuarm~1/102021~1.10/bin/../lib/gcc/arm-none-eabi/10.3.1/../../../../arm-none-eabi/lib/thumb/v7-m/nofp\libc_nano.a(lib_a-mprec.o) (_calloc_r)
[...]
Memory Configuration

Name             Origin             Length             Attributes
FLASH            0x08000000         0x00080000         xr
RAM              0x20000000         0x00020000         xrw
*default*        0x00000000         0xffffffff

Linker script and memory map

LOAD c:/progra~2/gnuarm~1/102021~1.10/bin/../lib/gcc/arm-none-eabi/10.3.1/thumb/v7-m/nofp/crti.o
LOAD c:/progra~2/gnuarm~1/102021~1.10/bin/../lib/gcc/arm-none-eabi/10.3.1/thumb/v7-m/nofp/crtbegin.o
LOAD c:/progra~2/gnuarm~1/102021~1.10/bin/../lib/gcc/arm-none-eabi/10.3.1/../../../../arm-none-eabi/lib/thumb/v7-m/nofp/crt0.o
LOAD CMakeFiles/RFID.elf.dir/Drivers/CMSIS/Device/system_stm32f4xx.c.obj
LOAD CMakeFiles/RFID.elf.dir/Drivers/CMSIS/Device/startup_stm32f411xe.s.obj
LOAD CMakeFiles/RFID.elf.dir/Core/Src/main.c.obj
LOAD CMakeFiles/RFID.elf.dir/Core/Src/RFID_module.c.obj
LOAD CMakeFiles/RFID.elf.dir/Core/Src/rc522.c.obj
LOAD CMakeFiles/RFID.elf.dir/Core/Src/stm32f4xx_it.c.obj
LOAD CMakeFiles/RFID.elf.dir/Core/Src/low_level.c.obj
LOAD CMakeFiles/RFID.elf.dir/Core/Src/lock.c.obj
LOAD CMakeFiles/RFID.elf.dir/Drivers/STM32F4xx_HAL_Driver/Src/stm32f4xx_hal.c.obj
LOAD CMakeFiles/RFID.elf.dir/Drivers/STM32F4xx_HAL_Driver/Src/stm32f4xx_hal_uart.c.obj
LOAD CMakeFiles/RFID.elf.dir/Drivers/STM32F4xx_HAL_Driver/Src/stm32f4xx_hal_usart.c.obj
LOAD CMakeFiles/RFID.elf.dir/Drivers/STM32F4xx_HAL_Driver/Src/stm32f4xx_hal_tim.c.obj
LOAD CMakeFiles/RFID.elf.dir/Drivers/STM32F4xx_HAL_Driver/Src/stm32f4xx_hal_tim_ex.c.obj
LOAD CMakeFiles/RFID.elf.dir/Drivers/STM32F4xx_HAL_Driver/Src/stm32f4xx_hal_gpio.c.obj
LOAD CMakeFiles/RFID.elf.dir/Drivers/STM32F4xx_HAL_Driver/Src/stm32f4xx_hal_crc.c.obj
LOAD CMakeFiles/RFID.elf.dir/Drivers/STM32F4xx_HAL_Driver/Src/stm32f4xx_hal_rcc.c.obj
LOAD CMakeFiles/RFID.elf.dir/Drivers/STM32F4xx_HAL_Driver/Src/stm32f4xx_hal_pwr.c.obj
LOAD CMakeFiles/RFID.elf.dir/Drivers/STM32F4xx_HAL_Driver/Src/stm32f4xx_hal_cortex.c.obj
LOAD CMakeFiles/RFID.elf.dir/Drivers/STM32F4xx_HAL_Driver/Src/stm32f4xx_hal_spi.c.obj
LOAD CMakeFiles/RFID.elf.dir/Drivers/STM32F4xx_HAL_Driver/Src/stm32f4xx_hal_i2c.c.obj
LOAD CMakeFiles/RFID.elf.dir/Drivers/STM32F4xx_HAL_Driver/Src/stm32f4xx_hal_adc.c.obj
LOAD CMakeFiles/RFID.elf.dir/Drivers/STM32F4xx_HAL_Driver/Src/stm32f4xx_hal_adc_ex.c.obj
LOAD CMakeFiles/RFID.elf.dir/Drivers/STM32F4xx_HAL_Driver/Src/stm32f4xx_hal_rcc_ex.c.obj
LOAD CMakeFiles/RFID.elf.dir/Drivers/STM32F4xx_HAL_Driver/Src/stm32f4xx_hal_dma.c.obj
LOAD CMakeFiles/RFID.elf.dir/Drivers/STM32F4xx_HAL_Driver/Src/stm32f4xx_hal_flash.c.obj
LOAD CMakeFiles/RFID.elf.dir/Drivers/STM32F4xx_HAL_Driver/Src/stm32f4xx_hal_flash_ex.c.obj
LOAD CMakeFiles/RFID.elf.dir/Drivers/iUnilib/common/led.c.obj
LOAD CMakeFiles/RFID.elf.dir/Drivers/iUnilib/common/delay.c.obj
LOAD CMakeFiles/RFID.elf.dir/Drivers/iUnilib/common/fifo.c.obj
LOAD CMakeFiles/RFID.elf.dir/Drivers/iUnilib/common/software_timer.c.obj
LOAD CMakeFiles/RFID.elf.dir/Drivers/iUnilib/Interface/interface_modules/uart_device/uart_it.c.obj
LOAD CMakeFiles/RFID.elf.dir/Drivers/iUnilib/crc/crc8.c.obj
LOAD CMakeFiles/RFID.elf.dir/Drivers/iUnilib/crc/crc7.c.obj
LOAD CMakeFiles/RFID.elf.dir/Drivers/iUnilib/crc/crc16_xmodem.c.obj
LOAD CMakeFiles/RFID.elf.dir/Drivers/iUnilib/Interface/interface.c.obj
LOAD CMakeFiles/RFID.elf.dir/Drivers/iUnilib/Interface/interface_collector.c.obj
LOAD CMakeFiles/RFID.elf.dir/Drivers/iUnilib/Interface/interface_modules/uart_device/uart_device.c.obj
LOAD c:/progra~2/gnuarm~1/102021~1.10/bin/../lib/gcc/arm-none-eabi/10.3.1/../../../../arm-none-eabi/lib/thumb/v7-m/nofp\libm.a
LOAD c:/progra~2/gnuarm~1/102021~1.10/bin/../lib/gcc/arm-none-eabi/10.3.1/../../../../arm-none-eabi/lib/thumb/v7-m/nofp\libc_nano.a
LOAD c:/progra~2/gnuarm~1/102021~1.10/bin/../lib/gcc/arm-none-eabi/10.3.1/../../../../arm-none-eabi/lib/thumb/v7-m/nofp\libnosys.a
START GROUP
LOAD c:/progra~2/gnuarm~1/102021~1.10/bin/../lib/gcc/arm-none-eabi/10.3.1/thumb/v7-m/nofp\libgcc.a
LOAD c:/progra~2/gnuarm~1/102021~1.10/bin/../lib/gcc/arm-none-eabi/10.3.1/../../../../arm-none-eabi/lib/thumb/v7-m/nofp\libg_nano.a
LOAD c:/progra~2/gnuarm~1/102021~1.10/bin/../lib/gcc/arm-none-eabi/10.3.1/../../../../arm-none-eabi/lib/thumb/v7-m/nofp\libc_nano.a
END GROUP
START GROUP
LOAD c:/progra~2/gnuarm~1/102021~1.10/bin/../lib/gcc/arm-none-eabi/10.3.1/thumb/v7-m/nofp\libgcc.a
LOAD c:/progra~2/gnuarm~1/102021~1.10/bin/../lib/gcc/arm-none-eabi/10.3.1/../../../../arm-none-eabi/lib/thumb/v7-m/nofp\libc_nano.a
END GROUP
LOAD c:/progra~2/gnuarm~1/102021~1.10/bin/../lib/gcc/arm-none-eabi/10.3.1/thumb/v7-m/nofp/crtend.o
LOAD c:/progra~2/gnuarm~1/102021~1.10/bin/../lib/gcc/arm-none-eabi/10.3.1/thumb/v7-m/nofp/crtn.o
                0x20020000                _estack = 0x20020000
                0x00000200                _Min_Heap_Size = 0x200
                0x00000400                _Min_Stack_Size = 0x400

.isr_vector     0x08000000      0x198
                0x08000000                . = ALIGN (0x4)
 *(.isr_vector)
 .isr_vector    0x08000000      0x198 CMakeFiles/RFID.elf.dir/Drivers/CMSIS/Device/startup_stm32f411xe.s.obj
                0x08000000                g_pfnVectors
                0x08000198                . = ALIGN (0x4)

.text           0x08000198     0x600c
                0x08000198                . = ALIGN (0x4)
 *(.text)
 .text          0x08000198       0x40 c:/progra~2/gnuarm~1/102021~1.10/bin/../lib/gcc/arm-none-eabi/10.3.1/thumb/v7-m/nofp/crtbegin.o
 .text          0x080001d8       0x14 c:/progra~2/gnuarm~1/102021~1.10/bin/../lib/gcc/arm-none-eabi/10.3.1/../../../../arm-none-eabi/lib/thumb/v7-m/nofp\libc_nano.a(lib_a-strcmp.o)
                0x080001d8                strcmp
 .text          0x080001ec       0x10 c:/progra~2/gnuarm~1/102021~1.10/bin/../lib/gcc/arm-none-eabi/10.3.1/../../../../arm-none-eabi/lib/thumb/v7-m/nofp\libc_nano.a(lib_a-strlen.o)
                0x080001ec                strlen
 .text          0x080001fc      0x168 c:/progra~2/gnuarm~1/102021~1.10/bin/../lib/gcc/arm-none-eabi/10.3.1/thumb/v7-m/nofp\libgcc.a(_arm_mulsf3.o)
                0x080001fc                __aeabi_fmul
                0x080001fc                __mulsf3
 .text          0x08000364      0x378 c:/progra~2/gnuarm~1/102021~1.10/bin/../lib/gcc/arm-none-eabi/10.3.1/thumb/v7-m/nofp\libgcc.a(_arm_addsubdf3.o)
                0x08000364                __aeabi_drsub
                0x0800036c                __aeabi_dsub
                0x0800036c                __subdf3
                0x08000370                __aeabi_dadd
                0x08000370                __adddf3
                0x080005e8                __floatunsidf
                0x080005e8                __aeabi_ui2d
                0x08000608                __floatsidf
                0x08000608                __aeabi_i2d
                0x0800062c                __aeabi_f2d
                0x0800062c                __extendsfdf2
                0x08000670                __floatundidf
                0x08000670                __aeabi_ul2d
                0x08000680                __floatdidf
                0x08000680                __aeabi_l2d
 .text          0x080006dc      0x424 c:/progra~2/gnuarm~1/102021~1.10/bin/../lib/gcc/arm-none-eabi/10.3.1/thumb/v7-m/nofp\libgcc.a(_arm_muldivdf3.o)
                0x080006dc                __aeabi_dmul
                0x080006dc                __muldf3
                0x08000930                __divdf3
                0x08000930                __aeabi_ddiv
 .text          0x08000b00      0x110 c:/progra~2/gnuarm~1/102021~1.10/bin/../lib/gcc/arm-none-eabi/10.3.1/thumb/v7-m/nofp\libgcc.a(_arm_cmpdf2.o)
                0x08000b00                __gtdf2
                0x08000b00                __gedf2
                0x08000b08                __ltdf2
                0x08000b08                __ledf2
                0x08000b10                __nedf2
                0x08000b10                __eqdf2
                0x08000b10                __cmpdf2
                0x08000b8c                __aeabi_cdrcmple
                0x08000b9c                __aeabi_cdcmpeq
                0x08000b9c                __aeabi_cdcmple
                0x08000bac                __aeabi_dcmpeq
                0x08000bc0                __aeabi_dcmplt
                0x08000bd4                __aeabi_dcmple
                0x08000be8                __aeabi_dcmpge
                0x08000bfc                __aeabi_dcmpgt
 .text          0x08000c10       0x2c c:/progra~2/gnuarm~1/102021~1.10/bin/../lib/gcc/arm-none-eabi/10.3.1/thumb/v7-m/nofp\libgcc.a(_arm_unorddf2.o)
                0x08000c10                __unorddf2
                0x08000c10                __aeabi_dcmpun
 .text          0x08000c3c       0x50 c:/progra~2/gnuarm~1/102021~1.10/bin/../lib/gcc/arm-none-eabi/10.3.1/thumb/v7-m/nofp\libgcc.a(_arm_fixdfsi.o)
                0x08000c3c                __aeabi_d2iz
                0x08000c3c                __fixdfsi
 .text          0x08000c8c      0x21c c:/progra~2/gnuarm~1/102021~1.10/bin/../lib/gcc/arm-none-eabi/10.3.1/thumb/v7-m/nofp\libgcc.a(_arm_addsubsf3.o)
                0x08000c8c                __aeabi_frsub
                0x08000c94                __subsf3
                0x08000c94                __aeabi_fsub
                0x08000c98                __aeabi_fadd
                0x08000c98                __addsf3
                0x08000df8                __aeabi_ui2f
                0x08000df8                __floatunsisf
                0x08000e00                __aeabi_i2f
                0x08000e00                __floatsisf
                0x08000e1c                __aeabi_ul2f
                0x08000e1c                __floatundisf
                0x08000e2c                __aeabi_l2f
                0x08000e2c                __floatdisf
 .text          0x08000ea8       0x40 c:/progra~2/gnuarm~1/102021~1.10/bin/../lib/gcc/arm-none-eabi/10.3.1/thumb/v7-m/nofp\libgcc.a(_arm_fixunssfsi.o)
                0x08000ea8                __fixunssfsi
                0x08000ea8                __aeabi_f2uiz
 .text          0x08000ee8       0x30 c:/progra~2/gnuarm~1/102021~1.10/bin/../lib/gcc/arm-none-eabi/10.3.1/thumb/v7-m/nofp\libgcc.a(_aeabi_uldivmod.o)
                0x08000ee8                __aeabi_uldivmod
 .text          0x08000f18      0x2d4 c:/progra~2/gnuarm~1/102021~1.10/bin/../lib/gcc/arm-none-eabi/10.3.1/thumb/v7-m/nofp\libgcc.a(_udivmoddi4.o)
                0x08000f18                __udivmoddi4
 .text          0x080011ec        0x4 c:/progra~2/gnuarm~1/102021~1.10/bin/../lib/gcc/arm-none-eabi/10.3.1/thumb/v7-m/nofp\libgcc.a(_dvmd_tls.o)
                0x080011ec                __aeabi_idiv0
                0x080011ec                __aeabi_ldiv0
 *(.text*)
 .text.SystemInit
                0x080011f0        0x2 CMakeFiles/RFID.elf.dir/Drivers/CMSIS/Device/system_stm32f4xx.c.obj
                0x080011f0                SystemInit
 *fill*         0x080011f2        0x2 
 .text.Reset_Handler
                0x080011f4       0x50 CMakeFiles/RFID.elf.dir/Drivers/CMSIS/Device/startup_stm32f411xe.s.obj
                0x080011f4                Reset_Handler
 .text.Default_Handler
                0x08001244        0x2 CMakeFiles/RFID.elf.dir/Drivers/CMSIS/Device/startup_stm32f411xe.s.obj
                0x08001244                RTC_Alarm_IRQHandler
                0x08001244                EXTI2_IRQHandler
                0x08001244                SPI4_IRQHandler
                0x08001244                TIM1_CC_IRQHandler
                0x08001244                DMA2_Stream5_IRQHandler
                0x08001244                DMA1_Stream5_IRQHandler
                0x08001244                PVD_IRQHandler
                0x08001244                SDIO_IRQHandler
                0x08001244                TAMP_STAMP_IRQHandler
                0x08001244                EXTI3_IRQHandler
                0x08001244                TIM1_UP_TIM10_IRQHandler
                0x08001244                I2C3_ER_IRQHandler
                0x08001244                EXTI0_IRQHandler
                0x08001244                I2C2_EV_IRQHandler
                0x08001244                DMA1_Stream2_IRQHandler
                0x08001244                FPU_IRQHandler
                0x08001244                DMA2_Stream2_IRQHandler
                0x08001244                SPI1_IRQHandler
                0x08001244                TIM1_BRK_TIM9_IRQHandler
                0x08001244                DMA2_Stream3_IRQHandler
                0x08001244                USART6_IRQHandler
                0x08001244                DMA2_Stream0_IRQHandler
                0x08001244                TIM4_IRQHandler
                0x08001244                I2C1_EV_IRQHandler
                0x08001244                DMA1_Stream6_IRQHandler
                0x08001244                DMA1_Stream1_IRQHandler
                0x08001244                TIM3_IRQHandler
                0x08001244                RCC_IRQHandler
                0x08001244                Default_Handler
                0x08001244                EXTI15_10_IRQHandler
                0x08001244                ADC_IRQHandler
                0x08001244                DMA1_Stream7_IRQHandler
                0x08001244                SPI5_IRQHandler
                0x08001244                TIM5_IRQHandler
                0x08001244                DMA2_Stream7_IRQHandler
                0x08001244                I2C3_EV_IRQHandler
                0x08001244                EXTI9_5_IRQHandler
                0x08001244                RTC_WKUP_IRQHandler
                0x08001244                SPI2_IRQHandler
                0x08001244                DMA1_Stream0_IRQHandler
                0x08001244                EXTI4_IRQHandler
                0x08001244                WWDG_IRQHandler
                0x08001244                TIM2_IRQHandler
                0x08001244                OTG_FS_WKUP_IRQHandler
                0x08001244                TIM1_TRG_COM_TIM11_IRQHandler
                0x08001244                EXTI1_IRQHandler
                0x08001244                I2C2_ER_IRQHandler
                0x08001244                DMA2_Stream1_IRQHandler
                0x08001244                FLASH_IRQHandler
                0x08001244                DMA2_Stream4_IRQHandler
                0x08001244                OTG_FS_IRQHandler
                0x08001244                SPI3_IRQHandler
                0x08001244                DMA1_Stream4_IRQHandler
                0x08001244                I2C1_ER_IRQHandler
                0x08001244                DMA2_Stream6_IRQHandler
                0x08001244                DMA1_Stream3_IRQHandler
 .text.main     0x08001246       0x18 CMakeFiles/RFID.elf.dir/Core/Src/main.c.obj
                0x08001246                main
 .text.Error_Handler
                0x0800125e        0x4 CMakeFiles/RFID.elf.dir/Core/Src/main.c.obj
                0x0800125e                Error_Handler
 .text.RFID_defaultKey
                0x08001262       0x12 CMakeFiles/RFID.elf.dir/Core/Src/RFID_module.c.obj
 .text.RFID_init
                0x08001274       0x20 CMakeFiles/RFID.elf.dir/Core/Src/RFID_module.c.obj
                0x08001274                RFID_init
 .text.RFID_reinit
                0x08001294       0x18 CMakeFiles/RFID.elf.dir/Core/Src/RFID_module.c.obj
                0x08001294                RFID_reinit
 .text.RFID_close
                0x080012ac        0x8 CMakeFiles/RFID.elf.dir/Core/Src/RFID_module.c.obj
                0x080012ac                RFID_close
 .text.RFID_getUID
                0x080012b4       0x20 CMakeFiles/RFID.elf.dir/Core/Src/RFID_module.c.obj
                0x080012b4                RFID_getUID
 .text.RFID_ReadBlock
                0x080012d4       0x30 CMakeFiles/RFID.elf.dir/Core/Src/RFID_module.c.obj
                0x080012d4                RFID_ReadBlock
 .text.spiXmit  0x08001304       0x20 CMakeFiles/RFID.elf.dir/Core/Src/rc522.c.obj
                0x08001304                spiXmit
 .text.Write_MFRC522
                0x08001324       0x38 CMakeFiles/RFID.elf.dir/Core/Src/rc522.c.obj
                0x08001324                Write_MFRC522
 .text.Read_MFRC522
                0x0800135c       0x38 CMakeFiles/RFID.elf.dir/Core/Src/rc522.c.obj
                0x0800135c                Read_MFRC522
 .text.SetBitMask
                0x08001394       0x18 CMakeFiles/RFID.elf.dir/Core/Src/rc522.c.obj
                0x08001394                SetBitMask
 .text.ClearBitMask
                0x080013ac       0x18 CMakeFiles/RFID.elf.dir/Core/Src/rc522.c.obj
                0x080013ac                ClearBitMask
 .text.AntennaOn
                0x080013c4       0x12 CMakeFiles/RFID.elf.dir/Core/Src/rc522.c.obj
                0x080013c4                AntennaOn
 .text.MFRC522_Reset
                0x080013d6        0xc CMakeFiles/RFID.elf.dir/Core/Src/rc522.c.obj
                0x080013d6                MFRC522_Reset
 *fill*         0x080013e2        0x2 
 .text.MFRC522_Init
                0x080013e4       0x50 CMakeFiles/RFID.elf.dir/Core/Src/rc522.c.obj
                0x080013e4                MFRC522_Init
 .text.MFRC522_ToCard
                0x08001434      0x106 CMakeFiles/RFID.elf.dir/Core/Src/rc522.c.obj
                0x08001434                MFRC522_ToCard
 .text.MFRC522_Request
                0x0800153a       0x34 CMakeFiles/RFID.elf.dir/Core/Src/rc522.c.obj
                0x0800153a                MFRC522_Request
 .text.MFRC522_Anticoll
                0x0800156e       0x4a CMakeFiles/RFID.elf.dir/Core/Src/rc522.c.obj
                0x0800156e                MFRC522_Anticoll
 .text.CalulateCRC
                0x080015b8       0x5c CMakeFiles/RFID.elf.dir/Core/Src/rc522.c.obj
                0x080015b8                CalulateCRC
 .text.MFRC522_Read
                0x08001614       0x38 CMakeFiles/RFID.elf.dir/Core/Src/rc522.c.obj
                0x08001614                MFRC522_Read
 .text.MFRC522_Auth
                0x0800164c       0x6a CMakeFiles/RFID.elf.dir/Core/Src/rc522.c.obj
                0x0800164c                MFRC522_Auth
 .text.MFRC522_SelectTag
                0x080016b6       0x5a CMakeFiles/RFID.elf.dir/Core/Src/rc522.c.obj
                0x080016b6                MFRC522_SelectTag
 .text.MFRC522_Halt
                0x08001710       0x32 CMakeFiles/RFID.elf.dir/Core/Src/rc522.c.obj
                0x08001710                MFRC522_Halt
 .text.NMI_Handler
                0x08001742        0x2 CMakeFiles/RFID.elf.dir/Core/Src/stm32f4xx_it.c.obj
                0x08001742                NMI_Handler
 .text.HardFault_Handler
                0x08001744        0x2 CMakeFiles/RFID.elf.dir/Core/Src/stm32f4xx_it.c.obj
                0x08001744                HardFault_Handler
 .text.MemManage_Handler
                0x08001746        0x2 CMakeFiles/RFID.elf.dir/Core/Src/stm32f4xx_it.c.obj
                0x08001746                MemManage_Handler
 .text.BusFault_Handler
                0x08001748        0x2 CMakeFiles/RFID.elf.dir/Core/Src/stm32f4xx_it.c.obj
                0x08001748                BusFault_Handler
 .text.UsageFault_Handler
                0x0800174a        0x2 CMakeFiles/RFID.elf.dir/Core/Src/stm32f4xx_it.c.obj
                0x0800174a                UsageFault_Handler
 .text.SVC_Handler
                0x0800174c        0x2 CMakeFiles/RFID.elf.dir/Core/Src/stm32f4xx_it.c.obj
                0x0800174c                SVC_Handler
 .text.DebugMon_Handler
                0x0800174e        0x2 CMakeFiles/RFID.elf.dir/Core/Src/stm32f4xx_it.c.obj
                0x0800174e                DebugMon_Handler
 .text.PendSV_Handler
                0x08001750        0x2 CMakeFiles/RFID.elf.dir/Core/Src/stm32f4xx_it.c.obj
                0x08001750                PendSV_Handler
 .text.SysTick_Handler
                0x08001752        0x8 CMakeFiles/RFID.elf.dir/Core/Src/stm32f4xx_it.c.obj
                0x08001752                SysTick_Handler
 *fill*         0x0800175a        0x2 
 .text.MX_GPIO_Init
                0x0800175c      0x33c CMakeFiles/RFID.elf.dir/Core/Src/low_level.c.obj
 .text.MX_SPI2_Init
                0x08001a98       0x64 CMakeFiles/RFID.elf.dir/Core/Src/low_level.c.obj
 .text.initUart2
                0x08001afc       0x44 CMakeFiles/RFID.elf.dir/Core/Src/low_level.c.obj
 .text.SystemClock_Config
                0x08001b40       0xa8 CMakeFiles/RFID.elf.dir/Core/Src/low_level.c.obj
                0x08001b40                SystemClock_Config
 .text.init_task
                0x08001be8       0x1c CMakeFiles/RFID.elf.dir/Core/Src/low_level.c.obj
                0x08001be8                init_task
 .text.HAL_TIM_MspPostInit
                0x08001c04       0x58 CMakeFiles/RFID.elf.dir/Core/Src/lock.c.obj
 .text.MX_TIM3_Init
                0x08001c5c       0x6c CMakeFiles/RFID.elf.dir/Core/Src/lock.c.obj
 .text.Lock_led
                0x08001cc8       0x1c CMakeFiles/RFID.elf.dir/Core/Src/lock.c.obj
 .text.Lock_check_password
                0x08001ce4       0x6c CMakeFiles/RFID.elf.dir/Core/Src/lock.c.obj
 .text.Lock_open
                0x08001d50       0x3c CMakeFiles/RFID.elf.dir/Core/Src/lock.c.obj
 .text.Lock_close
                0x08001d8c       0x34 CMakeFiles/RFID.elf.dir/Core/Src/lock.c.obj
 .text.Lock_init
                0x08001dc0       0xdc CMakeFiles/RFID.elf.dir/Core/Src/lock.c.obj
                0x08001dc0                Lock_init
 .text.Lock_task
                0x08001e9c       0x38 CMakeFiles/RFID.elf.dir/Core/Src/lock.c.obj
                0x08001e9c                Lock_task
 .text.HAL_MspInit
                0x08001ed4        0x2 CMakeFiles/RFID.elf.dir/Drivers/STM32F4xx_HAL_Driver/Src/stm32f4xx_hal.c.obj
                0x08001ed4                HAL_MspInit
 *fill*         0x08001ed6        0x2 
 .text.HAL_InitTick
                0x08001ed8       0x4c CMakeFiles/RFID.elf.dir/Drivers/STM32F4xx_HAL_Driver/Src/stm32f4xx_hal.c.obj
                0x08001ed8                HAL_InitTick
 .text.HAL_Init
                0x08001f24       0x34 CMakeFiles/RFID.elf.dir/Drivers/STM32F4xx_HAL_Driver/Src/stm32f4xx_hal.c.obj
                0x08001f24                HAL_Init
 .text.HAL_IncTick
                0x08001f58       0x18 CMakeFiles/RFID.elf.dir/Drivers/STM32F4xx_HAL_Driver/Src/stm32f4xx_hal.c.obj
                0x08001f58                HAL_IncTick
 .text.HAL_GetTick
                0x08001f70        0xc CMakeFiles/RFID.elf.dir/Drivers/STM32F4xx_HAL_Driver/Src/stm32f4xx_hal.c.obj
                0x08001f70                HAL_GetTick
 .text.UART_SetConfig
                0x08001f7c      0x110 CMakeFiles/RFID.elf.dir/Drivers/STM32F4xx_HAL_Driver/Src/stm32f4xx_hal_uart.c.obj
 .text.HAL_UART_MspInit
                0x0800208c        0x2 CMakeFiles/RFID.elf.dir/Drivers/STM32F4xx_HAL_Driver/Src/stm32f4xx_hal_uart.c.obj
                0x0800208c                HAL_UART_MspInit
 .text.HAL_UART_Init
                0x0800208e       0x60 CMakeFiles/RFID.elf.dir/Drivers/STM32F4xx_HAL_Driver/Src/stm32f4xx_hal_uart.c.obj
                0x0800208e                HAL_UART_Init
 .text.HAL_HalfDuplex_Init
                0x080020ee       0x6c CMakeFiles/RFID.elf.dir/Drivers/STM32F4xx_HAL_Driver/Src/stm32f4xx_hal_uart.c.obj
                0x080020ee                HAL_HalfDuplex_Init
 .text.HAL_UART_MspDeInit
                0x0800215a        0x2 CMakeFiles/RFID.elf.dir/Drivers/STM32F4xx_HAL_Driver/Src/stm32f4xx_hal_uart.c.obj
                0x0800215a                HAL_UART_MspDeInit
 .text.HAL_UART_DeInit
                0x0800215c       0x34 CMakeFiles/RFID.elf.dir/Drivers/STM32F4xx_HAL_Driver/Src/stm32f4xx_hal_uart.c.obj
                0x0800215c                HAL_UART_DeInit
 .text.TIM_OC1_SetConfig
                0x08002190       0x5c CMakeFiles/RFID.elf.dir/Drivers/STM32F4xx_HAL_Driver/Src/stm32f4xx_hal_tim.c.obj
 .text.TIM_OC3_SetConfig
                0x080021ec       0x64 CMakeFiles/RFID.elf.dir/Drivers/STM32F4xx_HAL_Driver/Src/stm32f4xx_hal_tim.c.obj
 .text.TIM_OC4_SetConfig
                0x08002250       0x48 CMakeFiles/RFID.elf.dir/Drivers/STM32F4xx_HAL_Driver/Src/stm32f4xx_hal_tim.c.obj
 .text.HAL_TIM_PWM_MspInit
                0x08002298        0x2 CMakeFiles/RFID.elf.dir/Drivers/STM32F4xx_HAL_Driver/Src/stm32f4xx_hal_tim.c.obj
                0x08002298                HAL_TIM_PWM_MspInit
 *fill*         0x0800229a        0x2 
 .text.TIM_Base_SetConfig
                0x0800229c       0xac CMakeFiles/RFID.elf.dir/Drivers/STM32F4xx_HAL_Driver/Src/stm32f4xx_hal_tim.c.obj
                0x0800229c                TIM_Base_SetConfig
 .text.HAL_TIM_PWM_Init
                0x08002348       0x58 CMakeFiles/RFID.elf.dir/Drivers/STM32F4xx_HAL_Driver/Src/stm32f4xx_hal_tim.c.obj
                0x08002348                HAL_TIM_PWM_Init
 .text.TIM_OC2_SetConfig
                0x080023a0       0x64 CMakeFiles/RFID.elf.dir/Drivers/STM32F4xx_HAL_Driver/Src/stm32f4xx_hal_tim.c.obj
                0x080023a0                TIM_OC2_SetConfig
 .text.HAL_TIM_PWM_ConfigChannel
                0x08002404       0xdc CMakeFiles/RFID.elf.dir/Drivers/STM32F4xx_HAL_Driver/Src/stm32f4xx_hal_tim.c.obj
                0x08002404                HAL_TIM_PWM_ConfigChannel
 .text.TIM_CCxChannelCmd
                0x080024e0       0x1e CMakeFiles/RFID.elf.dir/Drivers/STM32F4xx_HAL_Driver/Src/stm32f4xx_hal_tim.c.obj
                0x080024e0                TIM_CCxChannelCmd
 *fill*         0x080024fe        0x2 
 .text.HAL_TIM_PWM_Start
                0x08002500       0xf0 CMakeFiles/RFID.elf.dir/Drivers/STM32F4xx_HAL_Driver/Src/stm32f4xx_hal_tim.c.obj
                0x08002500                HAL_TIM_PWM_Start
 .text.HAL_TIM_PWM_Stop
                0x080025f0       0x84 CMakeFiles/RFID.elf.dir/Drivers/STM32F4xx_HAL_Driver/Src/stm32f4xx_hal_tim.c.obj
                0x080025f0                HAL_TIM_PWM_Stop
 .text.HAL_GPIO_Init
                0x08002674      0x1c0 CMakeFiles/RFID.elf.dir/Drivers/STM32F4xx_HAL_Driver/Src/stm32f4xx_hal_gpio.c.obj
                0x08002674                HAL_GPIO_Init
 .text.HAL_RCC_OscConfig
                0x08002834      0x3f8 CMakeFiles/RFID.elf.dir/Drivers/STM32F4xx_HAL_Driver/Src/stm32f4xx_hal_rcc.c.obj
                0x08002834                HAL_RCC_OscConfig
 .text.HAL_RCC_GetSysClockFreq
                0x08002c2c       0xc8 CMakeFiles/RFID.elf.dir/Drivers/STM32F4xx_HAL_Driver/Src/stm32f4xx_hal_rcc.c.obj
                0x08002c2c                HAL_RCC_GetSysClockFreq
 .text.HAL_RCC_ClockConfig
                0x08002cf4      0x160 CMakeFiles/RFID.elf.dir/Drivers/STM32F4xx_HAL_Driver/Src/stm32f4xx_hal_rcc.c.obj
                0x08002cf4                HAL_RCC_ClockConfig
 .text.HAL_RCC_GetHCLKFreq
                0x08002e54        0xc CMakeFiles/RFID.elf.dir/Drivers/STM32F4xx_HAL_Driver/Src/stm32f4xx_hal_rcc.c.obj
                0x08002e54                HAL_RCC_GetHCLKFreq
 .text.HAL_RCC_GetPCLK1Freq
                0x08002e60       0x20 CMakeFiles/RFID.elf.dir/Drivers/STM32F4xx_HAL_Driver/Src/stm32f4xx_hal_rcc.c.obj
                0x08002e60                HAL_RCC_GetPCLK1Freq
 .text.HAL_RCC_GetPCLK2Freq
                0x08002e80       0x20 CMakeFiles/RFID.elf.dir/Drivers/STM32F4xx_HAL_Driver/Src/stm32f4xx_hal_rcc.c.obj
                0x08002e80                HAL_RCC_GetPCLK2Freq
 .text.HAL_NVIC_SetPriorityGrouping
                0x08002ea0       0x24 CMakeFiles/RFID.elf.dir/Drivers/STM32F4xx_HAL_Driver/Src/stm32f4xx_hal_cortex.c.obj
                0x08002ea0                HAL_NVIC_SetPriorityGrouping
 .text.HAL_NVIC_SetPriority
                0x08002ec4       0x70 CMakeFiles/RFID.elf.dir/Drivers/STM32F4xx_HAL_Driver/Src/stm32f4xx_hal_cortex.c.obj
                0x08002ec4                HAL_NVIC_SetPriority
 .text.HAL_SYSTICK_Config
                0x08002f34       0x28 CMakeFiles/RFID.elf.dir/Drivers/STM32F4xx_HAL_Driver/Src/stm32f4xx_hal_cortex.c.obj
                0x08002f34                HAL_SYSTICK_Config
 .text.HAL_SPI_MspInit
                0x08002f5c        0x2 CMakeFiles/RFID.elf.dir/Drivers/STM32F4xx_HAL_Driver/Src/stm32f4xx_hal_spi.c.obj
                0x08002f5c                HAL_SPI_MspInit
 .text.HAL_SPI_Init
                0x08002f5e       0xbe CMakeFiles/RFID.elf.dir/Drivers/STM32F4xx_HAL_Driver/Src/stm32f4xx_hal_spi.c.obj
                0x08002f5e                HAL_SPI_Init
 .text.delay_ms
                0x0800301c       0x1c CMakeFiles/RFID.elf.dir/Drivers/iUnilib/common/delay.c.obj
                0x0800301c                delay_ms
 .text.fifo_put_byte
                0x08003038       0x1e CMakeFiles/RFID.elf.dir/Drivers/iUnilib/common/fifo.c.obj
                0x08003038                fifo_put_byte
 .text.fifo_put_block
                0x08003056       0x1c CMakeFiles/RFID.elf.dir/Drivers/iUnilib/common/fifo.c.obj
                0x08003056                fifo_put_block
 .text.fifo_get_byte
                0x08003072       0x48 CMakeFiles/RFID.elf.dir/Drivers/iUnilib/common/fifo.c.obj
                0x08003072                fifo_get_byte
 .text.fifo_flush
                0x080030ba       0x12 CMakeFiles/RFID.elf.dir/Drivers/iUnilib/common/fifo.c.obj
                0x080030ba                fifo_flush
 .text.software_timer_start
                0x080030cc       0x22 CMakeFiles/RFID.elf.dir/Drivers/iUnilib/common/software_timer.c.obj
                0x080030cc                software_timer_start
 .text.software_timer
                0x080030ee       0x7a CMakeFiles/RFID.elf.dir/Drivers/iUnilib/common/software_timer.c.obj
                0x080030ee                software_timer
 .text.uart_init_rcc
                0x08003168       0x74 CMakeFiles/RFID.elf.dir/Drivers/iUnilib/Interface/interface_modules/uart_device/uart_it.c.obj
 .text.uart_init_nvic
                0x080031dc       0x3c CMakeFiles/RFID.elf.dir/Drivers/iUnilib/Interface/interface_modules/uart_device/uart_it.c.obj
 .text.uart_put_block
                0x08003218       0x2c CMakeFiles/RFID.elf.dir/Drivers/iUnilib/Interface/interface_modules/uart_device/uart_it.c.obj
                0x08003218                uart_put_block
 .text.uart_getc
                0x08003244       0x20 CMakeFiles/RFID.elf.dir/Drivers/iUnilib/Interface/interface_modules/uart_device/uart_it.c.obj
                0x08003244                uart_getc
 .text.uart_flush
                0x08003264       0x14 CMakeFiles/RFID.elf.dir/Drivers/iUnilib/Interface/interface_modules/uart_device/uart_it.c.obj
                0x08003264                uart_flush
 .text.uart_init
                0x08003278       0xde CMakeFiles/RFID.elf.dir/Drivers/iUnilib/Interface/interface_modules/uart_device/uart_it.c.obj
                0x08003278                uart_init
 *fill*         0x08003356        0x2 
 .text.USART1_IRQHandler
                0x08003358       0x84 CMakeFiles/RFID.elf.dir/Drivers/iUnilib/Interface/interface_modules/uart_device/uart_it.c.obj
                0x08003358                USART1_IRQHandler
 .text.USART2_IRQHandler
                0x080033dc       0x84 CMakeFiles/RFID.elf.dir/Drivers/iUnilib/Interface/interface_modules/uart_device/uart_it.c.obj
                0x080033dc                USART2_IRQHandler
 .text.lookup_free_interface_descriptor
                0x08003460       0x28 CMakeFiles/RFID.elf.dir/Drivers/iUnilib/Interface/interface.c.obj
 .text.getInterface_by_desc
                0x08003488       0x18 CMakeFiles/RFID.elf.dir/Drivers/iUnilib/Interface/interface.c.obj
 .text.interface_init
                0x080034a0       0x18 CMakeFiles/RFID.elf.dir/Drivers/iUnilib/Interface/interface.c.obj
                0x080034a0                interface_init
 .text.open     0x080034b8       0x50 CMakeFiles/RFID.elf.dir/Drivers/iUnilib/Interface/interface.c.obj
                0x080034b8                open
 .text.tcgetattr
                0x08003508       0x20 CMakeFiles/RFID.elf.dir/Drivers/iUnilib/Interface/interface.c.obj
                0x08003508                tcgetattr
 .text.tcsetattr
                0x08003528       0x34 CMakeFiles/RFID.elf.dir/Drivers/iUnilib/Interface/interface.c.obj
                0x08003528                tcsetattr
 .text.tcsetiospeed
                0x0800355c        0xc CMakeFiles/RFID.elf.dir/Drivers/iUnilib/Interface/interface.c.obj
                0x0800355c                tcsetiospeed
 .text.interfaces_collect
                0x08003568       0x1c CMakeFiles/RFID.elf.dir/Drivers/iUnilib/Interface/interface_collector.c.obj
                0x08003568                interfaces_collect
 .text.interface_assign
                0x08003584       0x50 CMakeFiles/RFID.elf.dir/Drivers/iUnilib/Interface/interface_collector.c.obj
                0x08003584                interface_assign
 .text.uart1_write
                0x080035d4       0x18 CMakeFiles/RFID.elf.dir/Drivers/iUnilib/Interface/interface_modules/uart_device/uart_device.c.obj
                0x080035d4                uart1_write
 .text.uart1_read
                0x080035ec       0x2c CMakeFiles/RFID.elf.dir/Drivers/iUnilib/Interface/interface_modules/uart_device/uart_device.c.obj
                0x080035ec                uart1_read
 .text.uart2_write
                0x08003618       0x18 CMakeFiles/RFID.elf.dir/Drivers/iUnilib/Interface/interface_modules/uart_device/uart_device.c.obj
                0x08003618                uart2_write
 .text.uart2_read
                0x08003630       0x2c CMakeFiles/RFID.elf.dir/Drivers/iUnilib/Interface/interface_modules/uart_device/uart_device.c.obj
                0x08003630                uart2_read
 .text.__libc_init_array
                0x0800365c       0x48 c:/progra~2/gnuarm~1/102021~1.10/bin/../lib/gcc/arm-none-eabi/10.3.1/../../../../arm-none-eabi/lib/thumb/v7-m/nofp\libc_nano.a(lib_a-init.o)
                0x0800365c                __libc_init_array
 .text.memcmp   0x080036a4       0x20 c:/progra~2/gnuarm~1/102021~1.10/bin/../lib/gcc/arm-none-eabi/10.3.1/../../../../arm-none-eabi/lib/thumb/v7-m/nofp\libc_nano.a(lib_a-memcmp.o)
                0x080036a4                memcmp
 .text.memcpy   0x080036c4       0x1c c:/progra~2/gnuarm~1/102021~1.10/bin/../lib/gcc/arm-none-eabi/10.3.1/../../../../arm-none-eabi/lib/thumb/v7-m/nofp\libc_nano.a(lib_a-memcpy-stub.o)
                0x080036c4                memcpy
 .text.memset   0x080036e0       0x10 c:/progra~2/gnuarm~1/102021~1.10/bin/../lib/gcc/arm-none-eabi/10.3.1/../../../../arm-none-eabi/lib/thumb/v7-m/nofp\libc_nano.a(lib_a-memset.o)
                0x080036e0                memset
 .text.__cvt    0x080036f0       0xbe c:/progra~2/gnuarm~1/102021~1.10/bin/../lib/gcc/arm-none-eabi/10.3.1/../../../../arm-none-eabi/lib/thumb/v7-m/nofp\libc_nano.a(lib_a-nano-vfprintf_float.o)
                0x080036f0                __cvt
 .text.__exponent
                0x080037ae       0x7c c:/progra~2/gnuarm~1/102021~1.10/bin/../lib/gcc/arm-none-eabi/10.3.1/../../../../arm-none-eabi/lib/thumb/v7-m/nofp\libc_nano.a(lib_a-nano-vfprintf_float.o)
                0x080037ae                __exponent
 *fill*         0x0800382a        0x2 
 .text._printf_float
                0x0800382c      0x458 c:/progra~2/gnuarm~1/102021~1.10/bin/../lib/gcc/arm-none-eabi/10.3.1/../../../../arm-none-eabi/lib/thumb/v7-m/nofp\libc_nano.a(lib_a-nano-vfprintf_float.o)
                0x0800382c                _printf_float
 .text._printf_common
                0x08003c84       0xde c:/progra~2/gnuarm~1/102021~1.10/bin/../lib/gcc/arm-none-eabi/10.3.1/../../../../arm-none-eabi/lib/thumb/v7-m/nofp\libc_nano.a(lib_a-nano-vfprintf_i.o)
                0x08003c84                _printf_common
 *fill*         0x08003d62        0x2 
 .text._printf_i
                0x08003d64      0x24c c:/progra~2/gnuarm~1/102021~1.10/bin/../lib/gcc/arm-none-eabi/10.3.1/../../../../arm-none-eabi/lib/thumb/v7-m/nofp\libc_nano.a(lib_a-nano-vfprintf_i.o)
                0x08003d64                _printf_i
 .text.quorem   0x08003fb0      0x118 c:/progra~2/gnuarm~1/102021~1.10/bin/../lib/gcc/arm-none-eabi/10.3.1/../../../../arm-none-eabi/lib/thumb/v7-m/nofp\libc_nano.a(lib_a-dtoa.o)
 .text._dtoa_r  0x080040c8      0xbdc c:/progra~2/gnuarm~1/102021~1.10/bin/../lib/gcc/arm-none-eabi/10.3.1/../../../../arm-none-eabi/lib/thumb/v7-m/nofp\libc_nano.a(lib_a-dtoa.o)
                0x080040c8                _dtoa_r
 .text._localeconv_r
                0x08004ca4        0x8 c:/progra~2/gnuarm~1/102021~1.10/bin/../lib/gcc/arm-none-eabi/10.3.1/../../../../arm-none-eabi/lib/thumb/v7-m/nofp\libc_nano.a(lib_a-localeconv.o)
                0x08004ca4                _localeconv_r
 .text.malloc   0x08004cac       0x10 c:/progra~2/gnuarm~1/102021~1.10/bin/../lib/gcc/arm-none-eabi/10.3.1/../../../../arm-none-eabi/lib/thumb/v7-m/nofp\libc_nano.a(lib_a-malloc.o)
                0x08004cac                malloc
 .text.memchr   0x08004cbc       0x1c c:/progra~2/gnuarm~1/102021~1.10/bin/../lib/gcc/arm-none-eabi/10.3.1/../../../../arm-none-eabi/lib/thumb/v7-m/nofp\libc_nano.a(lib_a-memchr-stub.o)
                0x08004cbc                memchr
 .text._Balloc  0x08004cd8       0x80 c:/progra~2/gnuarm~1/102021~1.10/bin/../lib/gcc/arm-none-eabi/10.3.1/../../../../arm-none-eabi/lib/thumb/v7-m/nofp\libc_nano.a(lib_a-mprec.o)
                0x08004cd8                _Balloc
 .text._Bfree   0x08004d58       0x44 c:/progra~2/gnuarm~1/102021~1.10/bin/../lib/gcc/arm-none-eabi/10.3.1/../../../../arm-none-eabi/lib/thumb/v7-m/nofp\libc_nano.a(lib_a-mprec.o)
                0x08004d58                _Bfree
 .text.__multadd
                0x08004d9c       0x8c c:/progra~2/gnuarm~1/102021~1.10/bin/../lib/gcc/arm-none-eabi/10.3.1/../../../../arm-none-eabi/lib/thumb/v7-m/nofp\libc_nano.a(lib_a-mprec.o)
                0x08004d9c                __multadd
 .text.__hi0bits
                0x08004e28       0x40 c:/progra~2/gnuarm~1/102021~1.10/bin/../lib/gcc/arm-none-eabi/10.3.1/../../../../arm-none-eabi/lib/thumb/v7-m/nofp\libc_nano.a(lib_a-mprec.o)
                0x08004e28                __hi0bits
 .text.__lo0bits
                0x08004e68       0x5a c:/progra~2/gnuarm~1/102021~1.10/bin/../lib/gcc/arm-none-eabi/10.3.1/../../../../arm-none-eabi/lib/thumb/v7-m/nofp\libc_nano.a(lib_a-mprec.o)
                0x08004e68                __lo0bits
 *fill*         0x08004ec2        0x2 
 .text.__i2b    0x08004ec4       0x2c c:/progra~2/gnuarm~1/102021~1.10/bin/../lib/gcc/arm-none-eabi/10.3.1/../../../../arm-none-eabi/lib/thumb/v7-m/nofp\libc_nano.a(lib_a-mprec.o)
                0x08004ec4                __i2b
 .text.__multiply
                0x08004ef0      0x150 c:/progra~2/gnuarm~1/102021~1.10/bin/../lib/gcc/arm-none-eabi/10.3.1/../../../../arm-none-eabi/lib/thumb/v7-m/nofp\libc_nano.a(lib_a-mprec.o)
                0x08004ef0                __multiply
 .text.__pow5mult
                0x08005040       0xb4 c:/progra~2/gnuarm~1/102021~1.10/bin/../lib/gcc/arm-none-eabi/10.3.1/../../../../arm-none-eabi/lib/thumb/v7-m/nofp\libc_nano.a(lib_a-mprec.o)
                0x08005040                __pow5mult
 .text.__lshift
                0x080050f4       0xe0 c:/progra~2/gnuarm~1/102021~1.10/bin/../lib/gcc/arm-none-eabi/10.3.1/../../../../arm-none-eabi/lib/thumb/v7-m/nofp\libc_nano.a(lib_a-mprec.o)
                0x080050f4                __lshift
 .text.__mcmp   0x080051d4       0x36 c:/progra~2/gnuarm~1/102021~1.10/bin/../lib/gcc/arm-none-eabi/10.3.1/../../../../arm-none-eabi/lib/thumb/v7-m/nofp\libc_nano.a(lib_a-mprec.o)
                0x080051d4                __mcmp
 *fill*         0x0800520a        0x2 
 .text.__mdiff  0x0800520c      0x118 c:/progra~2/gnuarm~1/102021~1.10/bin/../lib/gcc/arm-none-eabi/10.3.1/../../../../arm-none-eabi/lib/thumb/v7-m/nofp\libc_nano.a(lib_a-mprec.o)
                0x0800520c                __mdiff
 .text.__d2b    0x08005324       0xb8 c:/progra~2/gnuarm~1/102021~1.10/bin/../lib/gcc/arm-none-eabi/10.3.1/../../../../arm-none-eabi/lib/thumb/v7-m/nofp\libc_nano.a(lib_a-mprec.o)
                0x08005324                __d2b
 .text._calloc_r
                0x080053dc       0x28 c:/progra~2/gnuarm~1/102021~1.10/bin/../lib/gcc/arm-none-eabi/10.3.1/../../../../arm-none-eabi/lib/thumb/v7-m/nofp\libc_nano.a(lib_a-nano-callocr.o)
                0x080053dc                _calloc_r
 .text._free_r  0x08005404       0x90 c:/progra~2/gnuarm~1/102021~1.10/bin/../lib/gcc/arm-none-eabi/10.3.1/../../../../arm-none-eabi/lib/thumb/v7-m/nofp\libc_nano.a(lib_a-nano-freer.o)
                0x08005404                _free_r
 .text.sbrk_aligned
                0x08005494       0x40 c:/progra~2/gnuarm~1/102021~1.10/bin/../lib/gcc/arm-none-eabi/10.3.1/../../../../arm-none-eabi/lib/thumb/v7-m/nofp\libc_nano.a(lib_a-nano-mallocr.o)
 .text._malloc_r
                0x080054d4       0xe8 c:/progra~2/gnuarm~1/102021~1.10/bin/../lib/gcc/arm-none-eabi/10.3.1/../../../../arm-none-eabi/lib/thumb/v7-m/nofp\libc_nano.a(lib_a-nano-mallocr.o)
                0x080054d4                _malloc_r
 .text._sbrk_r  0x080055bc       0x20 c:/progra~2/gnuarm~1/102021~1.10/bin/../lib/gcc/arm-none-eabi/10.3.1/../../../../arm-none-eabi/lib/thumb/v7-m/nofp\libc_nano.a(lib_a-sbrkr.o)
                0x080055bc                _sbrk_r
 .text.__assert_func
                0x080055dc       0x3c c:/progra~2/gnuarm~1/102021~1.10/bin/../lib/gcc/arm-none-eabi/10.3.1/../../../../arm-none-eabi/lib/thumb/v7-m/nofp\libc_nano.a(lib_a-assert.o)
                0x080055dc                __assert_func
 .text.fprintf  0x08005618       0x24 c:/progra~2/gnuarm~1/102021~1.10/bin/../lib/gcc/arm-none-eabi/10.3.1/../../../../arm-none-eabi/lib/thumb/v7-m/nofp\libc_nano.a(lib_a-fprintf.o)
                0x08005618                fiprintf
                0x08005618                fprintf
 .text.__ascii_mbtowc
                0x0800563c       0x24 c:/progra~2/gnuarm~1/102021~1.10/bin/../lib/gcc/arm-none-eabi/10.3.1/../../../../arm-none-eabi/lib/thumb/v7-m/nofp\libc_nano.a(lib_a-mbtowc_r.o)
                0x0800563c                __ascii_mbtowc
 .text.__malloc_lock
                0x08005660        0xc c:/progra~2/gnuarm~1/102021~1.10/bin/../lib/gcc/arm-none-eabi/10.3.1/../../../../arm-none-eabi/lib/thumb/v7-m/nofp\libc_nano.a(lib_a-mlock.o)
                0x08005660                __malloc_lock
 .text.__malloc_unlock
                0x0800566c        0xc c:/progra~2/gnuarm~1/102021~1.10/bin/../lib/gcc/arm-none-eabi/10.3.1/../../../../arm-none-eabi/lib/thumb/v7-m/nofp\libc_nano.a(lib_a-mlock.o)
                0x0800566c                __malloc_unlock
 .text.__sfputc_r
                0x08005678       0x2a c:/progra~2/gnuarm~1/102021~1.10/bin/../lib/gcc/arm-none-eabi/10.3.1/../../../../arm-none-eabi/lib/thumb/v7-m/nofp\libc_nano.a(lib_a-nano-vfprintf.o)
 .text.__sfputs_r
                0x080056a2       0x24 c:/progra~2/gnuarm~1/102021~1.10/bin/../lib/gcc/arm-none-eabi/10.3.1/../../../../arm-none-eabi/lib/thumb/v7-m/nofp\libc_nano.a(lib_a-nano-vfprintf.o)
                0x080056a2                __sfputs_r
 *fill*         0x080056c6        0x2 
 .text._vfprintf_r
                0x080056c8      0x260 c:/progra~2/gnuarm~1/102021~1.10/bin/../lib/gcc/arm-none-eabi/10.3.1/../../../../arm-none-eabi/lib/thumb/v7-m/nofp\libc_nano.a(lib_a-nano-vfprintf.o)
                0x080056c8                _vfprintf_r
                0x080056c8                _vfiprintf_r
 .text.__swbuf_r
                0x08005928       0xa4 c:/progra~2/gnuarm~1/102021~1.10/bin/../lib/gcc/arm-none-eabi/10.3.1/../../../../arm-none-eabi/lib/thumb/v7-m/nofp\libc_nano.a(lib_a-wbuf.o)
                0x08005928                __swbuf_r
 .text.__ascii_wctomb
                0x080059cc       0x1a c:/progra~2/gnuarm~1/102021~1.10/bin/../lib/gcc/arm-none-eabi/10.3.1/../../../../arm-none-eabi/lib/thumb/v7-m/nofp\libc_nano.a(lib_a-wctomb_r.o)
                0x080059cc                __ascii_wctomb
 *fill*         0x080059e6        0x2 
 .text.__swsetup_r
                0x080059e8       0xdc c:/progra~2/gnuarm~1/102021~1.10/bin/../lib/gcc/arm-none-eabi/10.3.1/../../../../arm-none-eabi/lib/thumb/v7-m/nofp\libc_nano.a(lib_a-wsetup.o)
                0x080059e8                __swsetup_r
 .text.abort    0x08005ac4        0xe c:/progra~2/gnuarm~1/102021~1.10/bin/../lib/gcc/arm-none-eabi/10.3.1/../../../../arm-none-eabi/lib/thumb/v7-m/nofp\libc_nano.a(lib_a-abort.o)
                0x08005ac4                abort
 *fill*         0x08005ad2        0x2 
 .text.__sflush_r
                0x08005ad4      0x104 c:/progra~2/gnuarm~1/102021~1.10/bin/../lib/gcc/arm-none-eabi/10.3.1/../../../../arm-none-eabi/lib/thumb/v7-m/nofp\libc_nano.a(lib_a-fflush.o)
                0x08005ad4                __sflush_r
 .text._fflush_r
                0x08005bd8       0x78 c:/progra~2/gnuarm~1/102021~1.10/bin/../lib/gcc/arm-none-eabi/10.3.1/../../../../arm-none-eabi/lib/thumb/v7-m/nofp\libc_nano.a(lib_a-fflush.o)
                0x08005bd8                _fflush_r
 .text.std      0x08005c50       0x48 c:/progra~2/gnuarm~1/102021~1.10/bin/../lib/gcc/arm-none-eabi/10.3.1/../../../../arm-none-eabi/lib/thumb/v7-m/nofp\libc_nano.a(lib_a-findfp.o)
 .text._cleanup_r
                0x08005c98        0xc c:/progra~2/gnuarm~1/102021~1.10/bin/../lib/gcc/arm-none-eabi/10.3.1/../../../../arm-none-eabi/lib/thumb/v7-m/nofp\libc_nano.a(lib_a-findfp.o)
                0x08005c98                _cleanup_r
 .text.__sfmoreglue
                0x08005ca4       0x2c c:/progra~2/gnuarm~1/102021~1.10/bin/../lib/gcc/arm-none-eabi/10.3.1/../../../../arm-none-eabi/lib/thumb/v7-m/nofp\libc_nano.a(lib_a-findfp.o)
                0x08005ca4                __sfmoreglue
 .text.__sfp_lock_acquire
                0x08005cd0        0xc c:/progra~2/gnuarm~1/102021~1.10/bin/../lib/gcc/arm-none-eabi/10.3.1/../../../../arm-none-eabi/lib/thumb/v7-m/nofp\libc_nano.a(lib_a-findfp.o)
                0x08005cd0                __sfp_lock_acquire
 .text.__sfp_lock_release
                0x08005cdc        0xc c:/progra~2/gnuarm~1/102021~1.10/bin/../lib/gcc/arm-none-eabi/10.3.1/../../../../arm-none-eabi/lib/thumb/v7-m/nofp\libc_nano.a(lib_a-findfp.o)
                0x08005cdc                __sfp_lock_release
 .text.__sinit_lock_acquire
                0x08005ce8        0xc c:/progra~2/gnuarm~1/102021~1.10/bin/../lib/gcc/arm-none-eabi/10.3.1/../../../../arm-none-eabi/lib/thumb/v7-m/nofp\libc_nano.a(lib_a-findfp.o)
                0x08005ce8                __sinit_lock_acquire
 .text.__sinit_lock_release
                0x08005cf4        0xc c:/progra~2/gnuarm~1/102021~1.10/bin/../lib/gcc/arm-none-eabi/10.3.1/../../../../arm-none-eabi/lib/thumb/v7-m/nofp\libc_nano.a(lib_a-findfp.o)
                0x08005cf4                __sinit_lock_release
 .text.__sinit  0x08005d00       0x70 c:/progra~2/gnuarm~1/102021~1.10/bin/../lib/gcc/arm-none-eabi/10.3.1/../../../../arm-none-eabi/lib/thumb/v7-m/nofp\libc_nano.a(lib_a-findfp.o)
                0x08005d00                __sinit
 .text.__sfp    0x08005d70       0x8c c:/progra~2/gnuarm~1/102021~1.10/bin/../lib/gcc/arm-none-eabi/10.3.1/../../../../arm-none-eabi/lib/thumb/v7-m/nofp\libc_nano.a(lib_a-findfp.o)
                0x08005d70                __sfp
 .text._fwalk_reent
                0x08005dfc       0x3e c:/progra~2/gnuarm~1/102021~1.10/bin/../lib/gcc/arm-none-eabi/10.3.1/../../../../arm-none-eabi/lib/thumb/v7-m/nofp\libc_nano.a(lib_a-fwalk.o)
                0x08005dfc                _fwalk_reent
 .text.__retarget_lock_init_recursive
                0x08005e3a        0x2 c:/progra~2/gnuarm~1/102021~1.10/bin/../lib/gcc/arm-none-eabi/10.3.1/../../../../arm-none-eabi/lib/thumb/v7-m/nofp\libc_nano.a(lib_a-lock.o)
                0x08005e3a                __retarget_lock_init_recursive
 .text.__retarget_lock_acquire_recursive
                0x08005e3c        0x2 c:/progra~2/gnuarm~1/102021~1.10/bin/../lib/gcc/arm-none-eabi/10.3.1/../../../../arm-none-eabi/lib/thumb/v7-m/nofp\libc_nano.a(lib_a-lock.o)
                0x08005e3c                __retarget_lock_acquire_recursive
 .text.__retarget_lock_release_recursive
                0x08005e3e        0x2 c:/progra~2/gnuarm~1/102021~1.10/bin/../lib/gcc/arm-none-eabi/10.3.1/../../../../arm-none-eabi/lib/thumb/v7-m/nofp\libc_nano.a(lib_a-lock.o)
                0x08005e3e                __retarget_lock_release_recursive
 .text.__swhatbuf_r
                0x08005e40       0x4a c:/progra~2/gnuarm~1/102021~1.10/bin/../lib/gcc/arm-none-eabi/10.3.1/../../../../arm-none-eabi/lib/thumb/v7-m/nofp\libc_nano.a(lib_a-makebuf.o)
                0x08005e40                __swhatbuf_r
 *fill*         0x08005e8a        0x2 
 .text.__smakebuf_r
                0x08005e8c       0x80 c:/progra~2/gnuarm~1/102021~1.10/bin/../lib/gcc/arm-none-eabi/10.3.1/../../../../arm-none-eabi/lib/thumb/v7-m/nofp\libc_nano.a(lib_a-makebuf.o)
                0x08005e8c                __smakebuf_r
 .text._raise_r
                0x08005f0c       0x50 c:/progra~2/gnuarm~1/102021~1.10/bin/../lib/gcc/arm-none-eabi/10.3.1/../../../../arm-none-eabi/lib/thumb/v7-m/nofp\libc_nano.a(lib_a-signal.o)
                0x08005f0c                _raise_r
 .text.raise    0x08005f5c       0x10 c:/progra~2/gnuarm~1/102021~1.10/bin/../lib/gcc/arm-none-eabi/10.3.1/../../../../arm-none-eabi/lib/thumb/v7-m/nofp\libc_nano.a(lib_a-signal.o)
                0x08005f5c                raise
 .text._kill_r  0x08005f6c       0x24 c:/progra~2/gnuarm~1/102021~1.10/bin/../lib/gcc/arm-none-eabi/10.3.1/../../../../arm-none-eabi/lib/thumb/v7-m/nofp\libc_nano.a(lib_a-signalr.o)
                0x08005f6c                _kill_r
 .text._getpid_r
                0x08005f90        0x4 c:/progra~2/gnuarm~1/102021~1.10/bin/../lib/gcc/arm-none-eabi/10.3.1/../../../../arm-none-eabi/lib/thumb/v7-m/nofp\libc_nano.a(lib_a-signalr.o)
                0x08005f90                _getpid_r
 .text.__sread  0x08005f94       0x22 c:/progra~2/gnuarm~1/102021~1.10/bin/../lib/gcc/arm-none-eabi/10.3.1/../../../../arm-none-eabi/lib/thumb/v7-m/nofp\libc_nano.a(lib_a-stdio.o)
                0x08005f94                __sread
 .text.__swrite
                0x08005fb6       0x38 c:/progra~2/gnuarm~1/102021~1.10/bin/../lib/gcc/arm-none-eabi/10.3.1/../../../../arm-none-eabi/lib/thumb/v7-m/nofp\libc_nano.a(lib_a-stdio.o)
                0x08005fb6                __swrite
 .text.__sseek  0x08005fee       0x24 c:/progra~2/gnuarm~1/102021~1.10/bin/../lib/gcc/arm-none-eabi/10.3.1/../../../../arm-none-eabi/lib/thumb/v7-m/nofp\libc_nano.a(lib_a-stdio.o)
                0x08005fee                __sseek
 .text.__sclose
                0x08006012        0x8 c:/progra~2/gnuarm~1/102021~1.10/bin/../lib/gcc/arm-none-eabi/10.3.1/../../../../arm-none-eabi/lib/thumb/v7-m/nofp\libc_nano.a(lib_a-stdio.o)
                0x08006012                __sclose
 *fill*         0x0800601a        0x2 
 .text._write_r
                0x0800601c       0x24 c:/progra~2/gnuarm~1/102021~1.10/bin/../lib/gcc/arm-none-eabi/10.3.1/../../../../arm-none-eabi/lib/thumb/v7-m/nofp\libc_nano.a(lib_a-writer.o)
                0x0800601c                _write_r
 .text._close_r
                0x08006040       0x20 c:/progra~2/gnuarm~1/102021~1.10/bin/../lib/gcc/arm-none-eabi/10.3.1/../../../../arm-none-eabi/lib/thumb/v7-m/nofp\libc_nano.a(lib_a-closer.o)
                0x08006040                _close_r
 .text._fstat_r
                0x08006060       0x24 c:/progra~2/gnuarm~1/102021~1.10/bin/../lib/gcc/arm-none-eabi/10.3.1/../../../../arm-none-eabi/lib/thumb/v7-m/nofp\libc_nano.a(lib_a-fstatr.o)
                0x08006060                _fstat_r
 .text._isatty_r
                0x08006084       0x20 c:/progra~2/gnuarm~1/102021~1.10/bin/../lib/gcc/arm-none-eabi/10.3.1/../../../../arm-none-eabi/lib/thumb/v7-m/nofp\libc_nano.a(lib_a-isattyr.o)
                0x08006084                _isatty_r
 .text._lseek_r
                0x080060a4       0x24 c:/progra~2/gnuarm~1/102021~1.10/bin/../lib/gcc/arm-none-eabi/10.3.1/../../../../arm-none-eabi/lib/thumb/v7-m/nofp\libc_nano.a(lib_a-lseekr.o)
                0x080060a4                _lseek_r
 .text._read_r  0x080060c8       0x24 c:/progra~2/gnuarm~1/102021~1.10/bin/../lib/gcc/arm-none-eabi/10.3.1/../../../../arm-none-eabi/lib/thumb/v7-m/nofp\libc_nano.a(lib_a-readr.o)
                0x080060c8                _read_r
 .text._close   0x080060ec       0x10 c:/progra~2/gnuarm~1/102021~1.10/bin/../lib/gcc/arm-none-eabi/10.3.1/../../../../arm-none-eabi/lib/thumb/v7-m/nofp\libnosys.a(close.o)
                0x080060ec                _close
 .text._fstat   0x080060fc       0x10 c:/progra~2/gnuarm~1/102021~1.10/bin/../lib/gcc/arm-none-eabi/10.3.1/../../../../arm-none-eabi/lib/thumb/v7-m/nofp\libnosys.a(fstat.o)
                0x080060fc                _fstat
 .text._getpid  0x0800610c       0x10 c:/progra~2/gnuarm~1/102021~1.10/bin/../lib/gcc/arm-none-eabi/10.3.1/../../../../arm-none-eabi/lib/thumb/v7-m/nofp\libnosys.a(getpid.o)
                0x0800610c                _getpid
 .text._isatty  0x0800611c       0x10 c:/progra~2/gnuarm~1/102021~1.10/bin/../lib/gcc/arm-none-eabi/10.3.1/../../../../arm-none-eabi/lib/thumb/v7-m/nofp\libnosys.a(isatty.o)
                0x0800611c                _isatty
 .text._kill    0x0800612c       0x10 c:/progra~2/gnuarm~1/102021~1.10/bin/../lib/gcc/arm-none-eabi/10.3.1/../../../../arm-none-eabi/lib/thumb/v7-m/nofp\libnosys.a(kill.o)
                0x0800612c                _kill
 .text._lseek   0x0800613c       0x10 c:/progra~2/gnuarm~1/102021~1.10/bin/../lib/gcc/arm-none-eabi/10.3.1/../../../../arm-none-eabi/lib/thumb/v7-m/nofp\libnosys.a(lseek.o)
                0x0800613c                _lseek
 .text._read    0x0800614c       0x10 c:/progra~2/gnuarm~1/102021~1.10/bin/../lib/gcc/arm-none-eabi/10.3.1/../../../../arm-none-eabi/lib/thumb/v7-m/nofp\libnosys.a(read.o)
                0x0800614c                _read
 .text._sbrk    0x0800615c       0x1c c:/progra~2/gnuarm~1/102021~1.10/bin/../lib/gcc/arm-none-eabi/10.3.1/../../../../arm-none-eabi/lib/thumb/v7-m/nofp\libnosys.a(sbrk.o)
                0x0800615c                _sbrk
 .text._write   0x08006178       0x10 c:/progra~2/gnuarm~1/102021~1.10/bin/../lib/gcc/arm-none-eabi/10.3.1/../../../../arm-none-eabi/lib/thumb/v7-m/nofp\libnosys.a(write.o)
                0x08006178                _write
 .text._exit    0x08006188        0x4 c:/progra~2/gnuarm~1/102021~1.10/bin/../lib/gcc/arm-none-eabi/10.3.1/../../../../arm-none-eabi/lib/thumb/v7-m/nofp\libnosys.a(_exit.o)
                0x08006188                _exit
 *(.glue_7)
 .glue_7        0x0800618c        0x0 linker stubs
 *(.glue_7t)
 .glue_7t       0x0800618c        0x0 linker stubs
 *(.eh_frame)
 .eh_frame      0x0800618c        0x0 c:/progra~2/gnuarm~1/102021~1.10/bin/../lib/gcc/arm-none-eabi/10.3.1/thumb/v7-m/nofp/crtbegin.o
 *(.init)
 .init          0x0800618c        0x4 c:/progra~2/gnuarm~1/102021~1.10/bin/../lib/gcc/arm-none-eabi/10.3.1/thumb/v7-m/nofp/crti.o
                0x0800618c                _init
 .init          0x08006190        0x8 c:/progra~2/gnuarm~1/102021~1.10/bin/../lib/gcc/arm-none-eabi/10.3.1/thumb/v7-m/nofp/crtn.o
 *(.fini)
 .fini          0x08006198        0x4 c:/progra~2/gnuarm~1/102021~1.10/bin/../lib/gcc/arm-none-eabi/10.3.1/thumb/v7-m/nofp/crti.o
                0x08006198                _fini
 .fini          0x0800619c        0x8 c:/progra~2/gnuarm~1/102021~1.10/bin/../lib/gcc/arm-none-eabi/10.3.1/thumb/v7-m/nofp/crtn.o
                0x080061a4                . = ALIGN (0x4)
                0x080061a4                _etext = .

.vfp11_veneer   0x080061a4        0x0
 .vfp11_veneer  0x080061a4        0x0 linker stubs

.v4_bx          0x080061a4        0x0
 .v4_bx         0x080061a4        0x0 linker stubs

.iplt           0x080061a4        0x0
 .iplt          0x080061a4        0x0 c:/progra~2/gnuarm~1/102021~1.10/bin/../lib/gcc/arm-none-eabi/10.3.1/thumb/v7-m/nofp/crtbegin.o

.rodata         0x080061a8      0x4c4
                0x080061a8                . = ALIGN (0x4)
 *(.rodata)
 .rodata        0x080061a8       0x10 CMakeFiles/RFID.elf.dir/Core/Src/lock.c.obj
 *(.rodata*)
 .rodata.AHBPrescTable
                0x080061b8       0x10 CMakeFiles/RFID.elf.dir/Drivers/CMSIS/Device/system_stm32f4xx.c.obj
                0x080061b8                AHBPrescTable
 .rodata.APBPrescTable
                0x080061c8        0x8 CMakeFiles/RFID.elf.dir/Drivers/CMSIS/Device/system_stm32f4xx.c.obj
                0x080061c8                APBPrescTable
 .rodata.initUart2.str1.4
                0x080061d0        0x6 CMakeFiles/RFID.elf.dir/Core/Src/low_level.c.obj
 *fill*         0x080061d6        0x2 
 .rodata.Lock_check_password.str1.4
                0x080061d8        0x7 CMakeFiles/RFID.elf.dir/Core/Src/lock.c.obj
 *fill*         0x080061df        0x1 
 .rodata.iface_table.0
                0x080061e0       0x68 CMakeFiles/RFID.elf.dir/Drivers/iUnilib/Interface/interface_collector.c.obj
 .rodata._global_impure_ptr
                0x08006248        0x4 c:/progra~2/gnuarm~1/102021~1.10/bin/../lib/gcc/arm-none-eabi/10.3.1/../../../../arm-none-eabi/lib/thumb/v7-m/nofp\libc_nano.a(lib_a-impure.o)
                0x08006248                _global_impure_ptr
 .rodata._printf_float.str1.1
                0x0800624c       0x12 c:/progra~2/gnuarm~1/102021~1.10/bin/../lib/gcc/arm-none-eabi/10.3.1/../../../../arm-none-eabi/lib/thumb/v7-m/nofp\libc_nano.a(lib_a-nano-vfprintf_float.o)
 .rodata._printf_i.str1.1
                0x0800625e       0x22 c:/progra~2/gnuarm~1/102021~1.10/bin/../lib/gcc/arm-none-eabi/10.3.1/../../../../arm-none-eabi/lib/thumb/v7-m/nofp\libc_nano.a(lib_a-nano-vfprintf_i.o)
 .rodata._dtoa_r.str1.1
                0x08006280       0xb3 c:/progra~2/gnuarm~1/102021~1.10/bin/../lib/gcc/arm-none-eabi/10.3.1/../../../../arm-none-eabi/lib/thumb/v7-m/nofp\libc_nano.a(lib_a-dtoa.o)
                                 0xb5 (size before relaxing)
 .rodata._Balloc.str1.1
                0x08006333       0x7f c:/progra~2/gnuarm~1/102021~1.10/bin/../lib/gcc/arm-none-eabi/10.3.1/../../../../arm-none-eabi/lib/thumb/v7-m/nofp\libc_nano.a(lib_a-mprec.o)
                                 0x96 (size before relaxing)
 .rodata.__multadd.str1.1
                0x080063b2       0x11 c:/progra~2/gnuarm~1/102021~1.10/bin/../lib/gcc/arm-none-eabi/10.3.1/../../../../arm-none-eabi/lib/thumb/v7-m/nofp\libc_nano.a(lib_a-mprec.o)
 *fill*         0x080063b2        0x6 
 .rodata.__mprec_bigtens
                0x080063b8       0x28 c:/progra~2/gnuarm~1/102021~1.10/bin/../lib/gcc/arm-none-eabi/10.3.1/../../../../arm-none-eabi/lib/thumb/v7-m/nofp\libc_nano.a(lib_a-mprec.o)
                0x080063b8                __mprec_bigtens
 .rodata.__mprec_tens
                0x080063e0       0xc8 c:/progra~2/gnuarm~1/102021~1.10/bin/../lib/gcc/arm-none-eabi/10.3.1/../../../../arm-none-eabi/lib/thumb/v7-m/nofp\libc_nano.a(lib_a-mprec.o)
                0x080063e0                __mprec_tens
 .rodata.p05.0  0x080064a8        0xc c:/progra~2/gnuarm~1/102021~1.10/bin/../lib/gcc/arm-none-eabi/10.3.1/../../../../arm-none-eabi/lib/thumb/v7-m/nofp\libc_nano.a(lib_a-mprec.o)
 .rodata.__assert_func.str1.1
                0x080064b4       0x3c c:/progra~2/gnuarm~1/102021~1.10/bin/../lib/gcc/arm-none-eabi/10.3.1/../../../../arm-none-eabi/lib/thumb/v7-m/nofp\libc_nano.a(lib_a-assert.o)
                                 0x3d (size before relaxing)
 .rodata._setlocale_r.str1.1
                0x080064f0        0x8 c:/progra~2/gnuarm~1/102021~1.10/bin/../lib/gcc/arm-none-eabi/10.3.1/../../../../arm-none-eabi/lib/thumb/v7-m/nofp\libc_nano.a(lib_a-locale.o)
                                  0x9 (size before relaxing)
 .rodata.str1.1
                0x080064f8        0x2 c:/progra~2/gnuarm~1/102021~1.10/bin/../lib/gcc/arm-none-eabi/10.3.1/../../../../arm-none-eabi/lib/thumb/v7-m/nofp\libc_nano.a(lib_a-locale.o)
 .rodata._vfprintf_r.str1.1
                0x080064fa       0x11 c:/progra~2/gnuarm~1/102021~1.10/bin/../lib/gcc/arm-none-eabi/10.3.1/../../../../arm-none-eabi/lib/thumb/v7-m/nofp\libc_nano.a(lib_a-nano-vfprintf.o)
 .rodata._ctype_
                0x0800650b      0x101 c:/progra~2/gnuarm~1/102021~1.10/bin/../lib/gcc/arm-none-eabi/10.3.1/../../../../arm-none-eabi/lib/thumb/v7-m/nofp\libc_nano.a(lib_a-ctype_.o)
                0x0800650b                _ctype_
 .rodata.__sf_fake_stderr
                0x0800660c       0x20 c:/progra~2/gnuarm~1/102021~1.10/bin/../lib/gcc/arm-none-eabi/10.3.1/../../../../arm-none-eabi/lib/thumb/v7-m/nofp\libc_nano.a(lib_a-findfp.o)
                0x0800660c                __sf_fake_stderr
 .rodata.__sf_fake_stdin
                0x0800662c       0x20 c:/progra~2/gnuarm~1/102021~1.10/bin/../lib/gcc/arm-none-eabi/10.3.1/../../../../arm-none-eabi/lib/thumb/v7-m/nofp\libc_nano.a(lib_a-findfp.o)
                0x0800662c                __sf_fake_stdin
 .rodata.__sf_fake_stdout
                0x0800664c       0x20 c:/progra~2/gnuarm~1/102021~1.10/bin/../lib/gcc/arm-none-eabi/10.3.1/../../../../arm-none-eabi/lib/thumb/v7-m/nofp\libc_nano.a(lib_a-findfp.o)
                0x0800664c                __sf_fake_stdout
                0x0800666c                . = ALIGN (0x4)

.ARM.extab
 *(.ARM.extab* .gnu.linkonce.armextab.*)

.ARM            0x0800666c        0x8
                0x0800666c                __exidx_start = .
 *(.ARM.exidx*)
 .ARM.exidx     0x0800666c        0x8 c:/progra~2/gnuarm~1/102021~1.10/bin/../lib/gcc/arm-none-eabi/10.3.1/thumb/v7-m/nofp\libgcc.a(_udivmoddi4.o)
                0x08006674                __exidx_end = .

.rel.dyn        0x08006674        0x0
 .rel.iplt      0x08006674        0x0 c:/progra~2/gnuarm~1/102021~1.10/bin/../lib/gcc/arm-none-eabi/10.3.1/thumb/v7-m/nofp/crtbegin.o

.preinit_array  0x08006674        0x0
                0x08006674                PROVIDE (__preinit_array_start = .)
 *(.preinit_array*)
                0x08006674                PROVIDE (__preinit_array_end = .)

.init_array     0x08006674        0x4
                0x08006674                PROVIDE (__init_array_start = .)
 *(SORT_BY_NAME(.init_array.*))
 *(.init_array*)
 .init_array    0x08006674        0x4 c:/progra~2/gnuarm~1/102021~1.10/bin/../lib/gcc/arm-none-eabi/10.3.1/thumb/v7-m/nofp/crtbegin.o
                0x08006678                PROVIDE (__init_array_end = .)

.fini_array     0x08006678        0x4
                [!provide]                PROVIDE (__fini_array_start = .)
 *(SORT_BY_NAME(.fini_array.*))
 *(.fini_array*)
 .fini_array    0x08006678        0x4 c:/progra~2/gnuarm~1/102021~1.10/bin/../lib/gcc/arm-none-eabi/10.3.1/thumb/v7-m/nofp/crtbegin.o
                [!provide]                PROVIDE (__fini_array_end = .)
                0x0800667c                _sidata = LOADADDR (.data)

.data           0x20000000      0x22c load address 0x0800667c
                0x20000000                . = ALIGN (0x4)
                0x20000000                _sdata = .
 *(.data)
 *(.data*)
 .data.SystemCoreClock
                0x20000000        0x4 CMakeFiles/RFID.elf.dir/Drivers/CMSIS/Device/system_stm32f4xx.c.obj
                0x20000000                SystemCoreClock
 .data.uwTickFreq
                0x20000004        0x1 CMakeFiles/RFID.elf.dir/Drivers/STM32F4xx_HAL_Driver/Src/stm32f4xx_hal.c.obj
                0x20000004                uwTickFreq
 *fill*         0x20000005        0x3 
 .data.uwTickPrio
                0x20000008        0x4 CMakeFiles/RFID.elf.dir/Drivers/STM32F4xx_HAL_Driver/Src/stm32f4xx_hal.c.obj
                0x20000008                uwTickPrio
 .data.uart1    0x2000000c       0x28 CMakeFiles/RFID.elf.dir/Drivers/iUnilib/Interface/interface_modules/uart_device/uart_it.c.obj
                0x2000000c                uart1
 .data.uart2    0x20000034       0x28 CMakeFiles/RFID.elf.dir/Drivers/iUnilib/Interface/interface_modules/uart_device/uart_it.c.obj
                0x20000034                uart2
 .data._impure_ptr
                0x2000005c        0x4 c:/progra~2/gnuarm~1/102021~1.10/bin/../lib/gcc/arm-none-eabi/10.3.1/../../../../arm-none-eabi/lib/thumb/v7-m/nofp\libc_nano.a(lib_a-impure.o)
                0x2000005c                _impure_ptr
 .data.impure_data
                0x20000060       0x60 c:/progra~2/gnuarm~1/102021~1.10/bin/../lib/gcc/arm-none-eabi/10.3.1/../../../../arm-none-eabi/lib/thumb/v7-m/nofp\libc_nano.a(lib_a-impure.o)
 .data.__global_locale
                0x200000c0      0x16c c:/progra~2/gnuarm~1/102021~1.10/bin/../lib/gcc/arm-none-eabi/10.3.1/../../../../arm-none-eabi/lib/thumb/v7-m/nofp\libc_nano.a(lib_a-locale.o)
                0x200000c0                __global_locale
                0x2000022c                . = ALIGN (0x4)
                0x2000022c                _edata = .

.igot.plt       0x2000022c        0x0 load address 0x080068a8
 .igot.plt      0x2000022c        0x0 c:/progra~2/gnuarm~1/102021~1.10/bin/../lib/gcc/arm-none-eabi/10.3.1/thumb/v7-m/nofp/crtbegin.o
                0x2000022c                . = ALIGN (0x4)

.bss            0x20000230     0x1be4 load address 0x080068a8
                0x20000230                _sbss = .
                0x20000230                __bss_start__ = _sbss
 *(.bss)
 .bss           0x20000230       0x1c c:/progra~2/gnuarm~1/102021~1.10/bin/../lib/gcc/arm-none-eabi/10.3.1/thumb/v7-m/nofp/crtbegin.o
 *(.bss*)
 .bss.hspi2     0x2000024c       0x58 CMakeFiles/RFID.elf.dir/Core/Src/main.c.obj
                0x2000024c                hspi2
 .bss.htim3     0x200002a4       0x48 CMakeFiles/RFID.elf.dir/Core/Src/main.c.obj
                0x200002a4                htim3
 .bss.lock_state
                0x200002ec        0x1 CMakeFiles/RFID.elf.dir/Core/Src/main.c.obj
                0x200002ec                lock_state
 *fill*         0x200002ed        0x3 
 .bss.rfid      0x200002f0      0x13c CMakeFiles/RFID.elf.dir/Core/Src/main.c.obj
                0x200002f0                rfid
 .bss.sck_2     0x2000042c        0x4 CMakeFiles/RFID.elf.dir/Core/Src/main.c.obj
                0x2000042c                sck_2
 .bss.uwTick    0x20000430        0x4 CMakeFiles/RFID.elf.dir/Drivers/STM32F4xx_HAL_Driver/Src/stm32f4xx_hal.c.obj
                0x20000430                uwTick
 .bss.uart1_buffer_rx
                0x20000434      0x800 CMakeFiles/RFID.elf.dir/Drivers/iUnilib/Interface/interface_modules/uart_device/uart_it.c.obj
 .bss.uart1_buffer_tx
                0x20000c34      0x100 CMakeFiles/RFID.elf.dir/Drivers/iUnilib/Interface/interface_modules/uart_device/uart_it.c.obj
 .bss.uart1_handler
                0x20000d34       0x48 CMakeFiles/RFID.elf.dir/Drivers/iUnilib/Interface/interface_modules/uart_device/uart_it.c.obj
 .bss.uart2_buffer_rx
                0x20000d7c      0x800 CMakeFiles/RFID.elf.dir/Drivers/iUnilib/Interface/interface_modules/uart_device/uart_it.c.obj
 .bss.uart2_buffer_tx
                0x2000157c      0x200 CMakeFiles/RFID.elf.dir/Drivers/iUnilib/Interface/interface_modules/uart_device/uart_it.c.obj
 .bss.uart2_handler
                0x2000177c       0x48 CMakeFiles/RFID.elf.dir/Drivers/iUnilib/Interface/interface_modules/uart_device/uart_it.c.obj
 *fill*         0x200017c4        0x4 
 .bss.interface_pool
                0x200017c8      0x630 CMakeFiles/RFID.elf.dir/Drivers/iUnilib/Interface/interface.c.obj
 .bss.interface_count
                0x20001df8        0x4 CMakeFiles/RFID.elf.dir/Drivers/iUnilib/Interface/interface_collector.c.obj
 .bss.interface_instances
                0x20001dfc        0x4 CMakeFiles/RFID.elf.dir/Drivers/iUnilib/Interface/interface_collector.c.obj
 .bss.__malloc_free_list
                0x20001e00        0x4 c:/progra~2/gnuarm~1/102021~1.10/bin/../lib/gcc/arm-none-eabi/10.3.1/../../../../arm-none-eabi/lib/thumb/v7-m/nofp\libc_nano.a(lib_a-nano-mallocr.o)
                0x20001e00                __malloc_free_list
 .bss.__malloc_sbrk_start
                0x20001e04        0x4 c:/progra~2/gnuarm~1/102021~1.10/bin/../lib/gcc/arm-none-eabi/10.3.1/../../../../arm-none-eabi/lib/thumb/v7-m/nofp\libc_nano.a(lib_a-nano-mallocr.o)
                0x20001e04                __malloc_sbrk_start
 .bss.errno     0x20001e08        0x4 c:/progra~2/gnuarm~1/102021~1.10/bin/../lib/gcc/arm-none-eabi/10.3.1/../../../../arm-none-eabi/lib/thumb/v7-m/nofp\libc_nano.a(lib_a-reent.o)
                0x20001e08                errno
 .bss.__lock___malloc_recursive_mutex
                0x20001e0c        0x1 c:/progra~2/gnuarm~1/102021~1.10/bin/../lib/gcc/arm-none-eabi/10.3.1/../../../../arm-none-eabi/lib/thumb/v7-m/nofp\libc_nano.a(lib_a-lock.o)
                0x20001e0c                __lock___malloc_recursive_mutex
 .bss.__lock___sfp_recursive_mutex
                0x20001e0d        0x1 c:/progra~2/gnuarm~1/102021~1.10/bin/../lib/gcc/arm-none-eabi/10.3.1/../../../../arm-none-eabi/lib/thumb/v7-m/nofp\libc_nano.a(lib_a-lock.o)
                0x20001e0d                __lock___sfp_recursive_mutex
 .bss.__lock___sinit_recursive_mutex
                0x20001e0e        0x1 c:/progra~2/gnuarm~1/102021~1.10/bin/../lib/gcc/arm-none-eabi/10.3.1/../../../../arm-none-eabi/lib/thumb/v7-m/nofp\libc_nano.a(lib_a-lock.o)
                0x20001e0e                __lock___sinit_recursive_mutex
 *fill*         0x20001e0f        0x1 
 .bss.heap_end.0
                0x20001e10        0x4 c:/progra~2/gnuarm~1/102021~1.10/bin/../lib/gcc/arm-none-eabi/10.3.1/../../../../arm-none-eabi/lib/thumb/v7-m/nofp\libnosys.a(sbrk.o)
 *(COMMON)
                0x20001e14                . = ALIGN (0x4)
                0x20001e14                _ebss = .
                0x20001e14                __bss_end__ = _ebss

._user_heap_stack
                0x20001e14      0x600 load address 0x080068a8
                0x20001e14                . = ALIGN (0x4)
                0x20001e14                PROVIDE (end = .)
                [!provide]                PROVIDE (_end = .)
                0x20002014                . = (. + _Min_Heap_Size)
 *fill*         0x20001e14      0x200 
                0x20002414                . = (. + _Min_Stack_Size)
 *fill*         0x20002014      0x400 
                0x20002414                . = ALIGN (0x4)

/DISCARD/
 libc.a(*)
 libm.a(*)
 libgcc.a(*)

.ARM.attributes
                0x00000000       0x2f
 *(.ARM.attributes)
 .ARM.attributes
                0x00000000       0x1d c:/progra~2/gnuarm~1/102021~1.10/bin/../lib/gcc/arm-none-eabi/10.3.1/thumb/v7-m/nofp/crti.o
 .ARM.attributes
                0x0000001d       0x2d c:/progra~2/gnuarm~1/102021~1.10/bin/../lib/gcc/arm-none-eabi/10.3.1/thumb/v7-m/nofp/crtbegin.o
 .ARM.attributes
                0x0000004a       0x2d CMakeFiles/RFID.elf.dir/Drivers/CMSIS/Device/system_stm32f4xx.c.obj
 .ARM.attributes
                0x00000077       0x21 CMakeFiles/RFID.elf.dir/Drivers/CMSIS/Device/startup_stm32f411xe.s.obj
 .ARM.attributes
                0x00000098       0x2d CMakeFiles/RFID.elf.dir/Core/Src/main.c.obj
 .ARM.attributes
                0x000000c5       0x2d CMakeFiles/RFID.elf.dir/Core/Src/RFID_module.c.obj
 .ARM.attributes
                0x000000f2       0x2d CMakeFiles/RFID.elf.dir/Core/Src/rc522.c.obj
 .ARM.attributes
                0x0000011f       0x2d CMakeFiles/RFID.elf.dir/Core/Src/stm32f4xx_it.c.obj
 .ARM.attributes
                0x0000014c       0x2d CMakeFiles/RFID.elf.dir/Core/Src/low_level.c.obj
 .ARM.attributes
                0x00000179       0x2d CMakeFiles/RFID.elf.dir/Core/Src/lock.c.obj
 .ARM.attributes
                0x000001a6       0x2d CMakeFiles/RFID.elf.dir/Drivers/STM32F4xx_HAL_Driver/Src/stm32f4xx_hal.c.obj
 .ARM.attributes
                0x000001d3       0x2d CMakeFiles/RFID.elf.dir/Drivers/STM32F4xx_HAL_Driver/Src/stm32f4xx_hal_uart.c.obj
 .ARM.attributes
                0x00000200       0x2d CMakeFiles/RFID.elf.dir/Drivers/STM32F4xx_HAL_Driver/Src/stm32f4xx_hal_tim.c.obj
 .ARM.attributes
                0x0000022d       0x2d CMakeFiles/RFID.elf.dir/Drivers/STM32F4xx_HAL_Driver/Src/stm32f4xx_hal_gpio.c.obj
 .ARM.attributes
                0x0000025a       0x2d CMakeFiles/RFID.elf.dir/Drivers/STM32F4xx_HAL_Driver/Src/stm32f4xx_hal_rcc.c.obj
 .ARM.attributes
                0x00000287       0x2d CMakeFiles/RFID.elf.dir/Drivers/STM32F4xx_HAL_Driver/Src/stm32f4xx_hal_cortex.c.obj
 .ARM.attributes
                0x000002b4       0x2d CMakeFiles/RFID.elf.dir/Drivers/STM32F4xx_HAL_Driver/Src/stm32f4xx_hal_spi.c.obj
 .ARM.attributes
                0x000002e1       0x2d CMakeFiles/RFID.elf.dir/Drivers/iUnilib/common/delay.c.obj
 .ARM.attributes
                0x0000030e       0x2d CMakeFiles/RFID.elf.dir/Drivers/iUnilib/common/fifo.c.obj
 .ARM.attributes
                0x0000033b       0x2d CMakeFiles/RFID.elf.dir/Drivers/iUnilib/common/software_timer.c.obj
 .ARM.attributes
                0x00000368       0x2d CMakeFiles/RFID.elf.dir/Drivers/iUnilib/Interface/interface_modules/uart_device/uart_it.c.obj
 .ARM.attributes
                0x00000395       0x2d CMakeFiles/RFID.elf.dir/Drivers/iUnilib/Interface/interface.c.obj
 .ARM.attributes
                0x000003c2       0x2d CMakeFiles/RFID.elf.dir/Drivers/iUnilib/Interface/interface_collector.c.obj
 .ARM.attributes
                0x000003ef       0x2d CMakeFiles/RFID.elf.dir/Drivers/iUnilib/Interface/interface_modules/uart_device/uart_device.c.obj
 .ARM.attributes
                0x0000041c       0x2d c:/progra~2/gnuarm~1/102021~1.10/bin/../lib/gcc/arm-none-eabi/10.3.1/../../../../arm-none-eabi/lib/thumb/v7-m/nofp\libc_nano.a(lib_a-impure.o)
 .ARM.attributes
                0x00000449       0x2d c:/progra~2/gnuarm~1/102021~1.10/bin/../lib/gcc/arm-none-eabi/10.3.1/../../../../arm-none-eabi/lib/thumb/v7-m/nofp\libc_nano.a(lib_a-init.o)
 .ARM.attributes
                0x00000476       0x2d c:/progra~2/gnuarm~1/102021~1.10/bin/../lib/gcc/arm-none-eabi/10.3.1/../../../../arm-none-eabi/lib/thumb/v7-m/nofp\libc_nano.a(lib_a-memcmp.o)
 .ARM.attributes
                0x000004a3       0x2d c:/progra~2/gnuarm~1/102021~1.10/bin/../lib/gcc/arm-none-eabi/10.3.1/../../../../arm-none-eabi/lib/thumb/v7-m/nofp\libc_nano.a(lib_a-memcpy-stub.o)
 .ARM.attributes
                0x000004d0       0x2d c:/progra~2/gnuarm~1/102021~1.10/bin/../lib/gcc/arm-none-eabi/10.3.1/../../../../arm-none-eabi/lib/thumb/v7-m/nofp\libc_nano.a(lib_a-memset.o)
 .ARM.attributes
                0x000004fd       0x2d c:/progra~2/gnuarm~1/102021~1.10/bin/../lib/gcc/arm-none-eabi/10.3.1/../../../../arm-none-eabi/lib/thumb/v7-m/nofp\libc_nano.a(lib_a-nano-vfprintf_float.o)
 .ARM.attributes
                0x0000052a       0x2d c:/progra~2/gnuarm~1/102021~1.10/bin/../lib/gcc/arm-none-eabi/10.3.1/../../../../arm-none-eabi/lib/thumb/v7-m/nofp\libc_nano.a(lib_a-nano-vfprintf_i.o)
 .ARM.attributes
                0x00000557       0x1b c:/progra~2/gnuarm~1/102021~1.10/bin/../lib/gcc/arm-none-eabi/10.3.1/../../../../arm-none-eabi/lib/thumb/v7-m/nofp\libc_nano.a(lib_a-strcmp.o)
 .ARM.attributes
                0x00000572       0x17 c:/progra~2/gnuarm~1/102021~1.10/bin/../lib/gcc/arm-none-eabi/10.3.1/../../../../arm-none-eabi/lib/thumb/v7-m/nofp\libc_nano.a(lib_a-strlen.o)
 .ARM.attributes
                0x00000589       0x2d c:/progra~2/gnuarm~1/102021~1.10/bin/../lib/gcc/arm-none-eabi/10.3.1/../../../../arm-none-eabi/lib/thumb/v7-m/nofp\libc_nano.a(lib_a-dtoa.o)
 .ARM.attributes
                0x000005b6       0x2d c:/progra~2/gnuarm~1/102021~1.10/bin/../lib/gcc/arm-none-eabi/10.3.1/../../../../arm-none-eabi/lib/thumb/v7-m/nofp\libc_nano.a(lib_a-localeconv.o)
 .ARM.attributes
                0x000005e3       0x2d c:/progra~2/gnuarm~1/102021~1.10/bin/../lib/gcc/arm-none-eabi/10.3.1/../../../../arm-none-eabi/lib/thumb/v7-m/nofp\libc_nano.a(lib_a-malloc.o)
 .ARM.attributes
                0x00000610       0x2d c:/progra~2/gnuarm~1/102021~1.10/bin/../lib/gcc/arm-none-eabi/10.3.1/../../../../arm-none-eabi/lib/thumb/v7-m/nofp\libc_nano.a(lib_a-memchr-stub.o)
 .ARM.attributes
                0x0000063d       0x2d c:/progra~2/gnuarm~1/102021~1.10/bin/../lib/gcc/arm-none-eabi/10.3.1/../../../../arm-none-eabi/lib/thumb/v7-m/nofp\libc_nano.a(lib_a-mprec.o)
 .ARM.attributes
                0x0000066a       0x2d c:/progra~2/gnuarm~1/102021~1.10/bin/../lib/gcc/arm-none-eabi/10.3.1/../../../../arm-none-eabi/lib/thumb/v7-m/nofp\libc_nano.a(lib_a-nano-callocr.o)
 .ARM.attributes
                0x00000697       0x2d c:/progra~2/gnuarm~1/102021~1.10/bin/../lib/gcc/arm-none-eabi/10.3.1/../../../../arm-none-eabi/lib/thumb/v7-m/nofp\libc_nano.a(lib_a-nano-freer.o)
 .ARM.attributes
                0x000006c4       0x2d c:/progra~2/gnuarm~1/102021~1.10/bin/../lib/gcc/arm-none-eabi/10.3.1/../../../../arm-none-eabi/lib/thumb/v7-m/nofp\libc_nano.a(lib_a-nano-mallocr.o)
 .ARM.attributes
                0x000006f1       0x2d c:/progra~2/gnuarm~1/102021~1.10/bin/../lib/gcc/arm-none-eabi/10.3.1/../../../../arm-none-eabi/lib/thumb/v7-m/nofp\libc_nano.a(lib_a-sbrkr.o)
 .ARM.attributes
                0x0000071e       0x2d c:/progra~2/gnuarm~1/102021~1.10/bin/../lib/gcc/arm-none-eabi/10.3.1/../../../../arm-none-eabi/lib/thumb/v7-m/nofp\libc_nano.a(lib_a-assert.o)
 .ARM.attributes
                0x0000074b       0x2d c:/progra~2/gnuarm~1/102021~1.10/bin/../lib/gcc/arm-none-eabi/10.3.1/../../../../arm-none-eabi/lib/thumb/v7-m/nofp\libc_nano.a(lib_a-fprintf.o)
 .ARM.attributes
                0x00000778       0x2d c:/progra~2/gnuarm~1/102021~1.10/bin/../lib/gcc/arm-none-eabi/10.3.1/../../../../arm-none-eabi/lib/thumb/v7-m/nofp\libc_nano.a(lib_a-locale.o)
 .ARM.attributes
                0x000007a5       0x2d c:/progra~2/gnuarm~1/102021~1.10/bin/../lib/gcc/arm-none-eabi/10.3.1/../../../../arm-none-eabi/lib/thumb/v7-m/nofp\libc_nano.a(lib_a-mbtowc_r.o)
 .ARM.attributes
                0x000007d2       0x2d c:/progra~2/gnuarm~1/102021~1.10/bin/../lib/gcc/arm-none-eabi/10.3.1/../../../../arm-none-eabi/lib/thumb/v7-m/nofp\libc_nano.a(lib_a-mlock.o)
 .ARM.attributes
                0x000007ff       0x2d c:/progra~2/gnuarm~1/102021~1.10/bin/../lib/gcc/arm-none-eabi/10.3.1/../../../../arm-none-eabi/lib/thumb/v7-m/nofp\libc_nano.a(lib_a-nano-vfprintf.o)
 .ARM.attributes
                0x0000082c       0x2d c:/progra~2/gnuarm~1/102021~1.10/bin/../lib/gcc/arm-none-eabi/10.3.1/../../../../arm-none-eabi/lib/thumb/v7-m/nofp\libc_nano.a(lib_a-reent.o)
 .ARM.attributes
                0x00000859       0x2d c:/progra~2/gnuarm~1/102021~1.10/bin/../lib/gcc/arm-none-eabi/10.3.1/../../../../arm-none-eabi/lib/thumb/v7-m/nofp\libc_nano.a(lib_a-wbuf.o)
 .ARM.attributes
                0x00000886       0x2d c:/progra~2/gnuarm~1/102021~1.10/bin/../lib/gcc/arm-none-eabi/10.3.1/../../../../arm-none-eabi/lib/thumb/v7-m/nofp\libc_nano.a(lib_a-wctomb_r.o)
 .ARM.attributes
                0x000008b3       0x2d c:/progra~2/gnuarm~1/102021~1.10/bin/../lib/gcc/arm-none-eabi/10.3.1/../../../../arm-none-eabi/lib/thumb/v7-m/nofp\libc_nano.a(lib_a-wsetup.o)
 .ARM.attributes
                0x000008e0       0x2d c:/progra~2/gnuarm~1/102021~1.10/bin/../lib/gcc/arm-none-eabi/10.3.1/../../../../arm-none-eabi/lib/thumb/v7-m/nofp\libc_nano.a(lib_a-abort.o)
 .ARM.attributes
                0x0000090d       0x2d c:/progra~2/gnuarm~1/102021~1.10/bin/../lib/gcc/arm-none-eabi/10.3.1/../../../../arm-none-eabi/lib/thumb/v7-m/nofp\libc_nano.a(lib_a-ctype_.o)
 .ARM.attributes
                0x0000093a       0x2d c:/progra~2/gnuarm~1/102021~1.10/bin/../lib/gcc/arm-none-eabi/10.3.1/../../../../arm-none-eabi/lib/thumb/v7-m/nofp\libc_nano.a(lib_a-fflush.o)
 .ARM.attributes
                0x00000967       0x2d c:/progra~2/gnuarm~1/102021~1.10/bin/../lib/gcc/arm-none-eabi/10.3.1/../../../../arm-none-eabi/lib/thumb/v7-m/nofp\libc_nano.a(lib_a-findfp.o)
 .ARM.attributes
                0x00000994       0x2d c:/progra~2/gnuarm~1/102021~1.10/bin/../lib/gcc/arm-none-eabi/10.3.1/../../../../arm-none-eabi/lib/thumb/v7-m/nofp\libc_nano.a(lib_a-fwalk.o)
 .ARM.attributes
                0x000009c1       0x2d c:/progra~2/gnuarm~1/102021~1.10/bin/../lib/gcc/arm-none-eabi/10.3.1/../../../../arm-none-eabi/lib/thumb/v7-m/nofp\libc_nano.a(lib_a-lock.o)
 .ARM.attributes
                0x000009ee       0x2d c:/progra~2/gnuarm~1/102021~1.10/bin/../lib/gcc/arm-none-eabi/10.3.1/../../../../arm-none-eabi/lib/thumb/v7-m/nofp\libc_nano.a(lib_a-makebuf.o)
 .ARM.attributes
                0x00000a1b       0x2d c:/progra~2/gnuarm~1/102021~1.10/bin/../lib/gcc/arm-none-eabi/10.3.1/../../../../arm-none-eabi/lib/thumb/v7-m/nofp\libc_nano.a(lib_a-signal.o)
 .ARM.attributes
                0x00000a48       0x2d c:/progra~2/gnuarm~1/102021~1.10/bin/../lib/gcc/arm-none-eabi/10.3.1/../../../../arm-none-eabi/lib/thumb/v7-m/nofp\libc_nano.a(lib_a-signalr.o)
 .ARM.attributes
                0x00000a75       0x2d c:/progra~2/gnuarm~1/102021~1.10/bin/../lib/gcc/arm-none-eabi/10.3.1/../../../../arm-none-eabi/lib/thumb/v7-m/nofp\libc_nano.a(lib_a-stdio.o)
 .ARM.attributes
                0x00000aa2       0x2d c:/progra~2/gnuarm~1/102021~1.10/bin/../lib/gcc/arm-none-eabi/10.3.1/../../../../arm-none-eabi/lib/thumb/v7-m/nofp\libc_nano.a(lib_a-writer.o)
 .ARM.attributes
                0x00000acf       0x2d c:/progra~2/gnuarm~1/102021~1.10/bin/../lib/gcc/arm-none-eabi/10.3.1/../../../../arm-none-eabi/lib/thumb/v7-m/nofp\libc_nano.a(lib_a-closer.o)
 .ARM.attributes
                0x00000afc       0x2d c:/progra~2/gnuarm~1/102021~1.10/bin/../lib/gcc/arm-none-eabi/10.3.1/../../../../arm-none-eabi/lib/thumb/v7-m/nofp\libc_nano.a(lib_a-fstatr.o)
 .ARM.attributes
                0x00000b29       0x2d c:/progra~2/gnuarm~1/102021~1.10/bin/../lib/gcc/arm-none-eabi/10.3.1/../../../../arm-none-eabi/lib/thumb/v7-m/nofp\libc_nano.a(lib_a-isattyr.o)
 .ARM.attributes
                0x00000b56       0x2d c:/progra~2/gnuarm~1/102021~1.10/bin/../lib/gcc/arm-none-eabi/10.3.1/../../../../arm-none-eabi/lib/thumb/v7-m/nofp\libc_nano.a(lib_a-lseekr.o)
 .ARM.attributes
                0x00000b83       0x2d c:/progra~2/gnuarm~1/102021~1.10/bin/../lib/gcc/arm-none-eabi/10.3.1/../../../../arm-none-eabi/lib/thumb/v7-m/nofp\libc_nano.a(lib_a-readr.o)
 .ARM.attributes
                0x00000bb0       0x2d c:/progra~2/gnuarm~1/102021~1.10/bin/../lib/gcc/arm-none-eabi/10.3.1/../../../../arm-none-eabi/lib/thumb/v7-m/nofp\libnosys.a(close.o)
 .ARM.attributes
                0x00000bdd       0x2d c:/progra~2/gnuarm~1/102021~1.10/bin/../lib/gcc/arm-none-eabi/10.3.1/../../../../arm-none-eabi/lib/thumb/v7-m/nofp\libnosys.a(fstat.o)
 .ARM.attributes
                0x00000c0a       0x2d c:/progra~2/gnuarm~1/102021~1.10/bin/../lib/gcc/arm-none-eabi/10.3.1/../../../../arm-none-eabi/lib/thumb/v7-m/nofp\libnosys.a(getpid.o)
 .ARM.attributes
                0x00000c37       0x2d c:/progra~2/gnuarm~1/102021~1.10/bin/../lib/gcc/arm-none-eabi/10.3.1/../../../../arm-none-eabi/lib/thumb/v7-m/nofp\libnosys.a(isatty.o)
 .ARM.attributes
                0x00000c64       0x2d c:/progra~2/gnuarm~1/102021~1.10/bin/../lib/gcc/arm-none-eabi/10.3.1/../../../../arm-none-eabi/lib/thumb/v7-m/nofp\libnosys.a(kill.o)
 .ARM.attributes
                0x00000c91       0x2d c:/progra~2/gnuarm~1/102021~1.10/bin/../lib/gcc/arm-none-eabi/10.3.1/../../../../arm-none-eabi/lib/thumb/v7-m/nofp\libnosys.a(lseek.o)
 .ARM.attributes
                0x00000cbe       0x2d c:/progra~2/gnuarm~1/102021~1.10/bin/../lib/gcc/arm-none-eabi/10.3.1/../../../../arm-none-eabi/lib/thumb/v7-m/nofp\libnosys.a(read.o)
 .ARM.attributes
                0x00000ceb       0x2d c:/progra~2/gnuarm~1/102021~1.10/bin/../lib/gcc/arm-none-eabi/10.3.1/../../../../arm-none-eabi/lib/thumb/v7-m/nofp\libnosys.a(sbrk.o)
 .ARM.attributes
                0x00000d18       0x2d c:/progra~2/gnuarm~1/102021~1.10/bin/../lib/gcc/arm-none-eabi/10.3.1/../../../../arm-none-eabi/lib/thumb/v7-m/nofp\libnosys.a(write.o)
 .ARM.attributes
                0x00000d45       0x2d c:/progra~2/gnuarm~1/102021~1.10/bin/../lib/gcc/arm-none-eabi/10.3.1/../../../../arm-none-eabi/lib/thumb/v7-m/nofp\libnosys.a(_exit.o)
 .ARM.attributes
                0x00000d72       0x1d c:/progra~2/gnuarm~1/102021~1.10/bin/../lib/gcc/arm-none-eabi/10.3.1/thumb/v7-m/nofp\libgcc.a(_arm_mulsf3.o)
 .ARM.attributes
                0x00000d8f       0x1d c:/progra~2/gnuarm~1/102021~1.10/bin/../lib/gcc/arm-none-eabi/10.3.1/thumb/v7-m/nofp\libgcc.a(_arm_addsubdf3.o)
 .ARM.attributes
                0x00000dac       0x1d c:/progra~2/gnuarm~1/102021~1.10/bin/../lib/gcc/arm-none-eabi/10.3.1/thumb/v7-m/nofp\libgcc.a(_arm_muldivdf3.o)
 .ARM.attributes
                0x00000dc9       0x1d c:/progra~2/gnuarm~1/102021~1.10/bin/../lib/gcc/arm-none-eabi/10.3.1/thumb/v7-m/nofp\libgcc.a(_arm_cmpdf2.o)
 .ARM.attributes
                0x00000de6       0x1d c:/progra~2/gnuarm~1/102021~1.10/bin/../lib/gcc/arm-none-eabi/10.3.1/thumb/v7-m/nofp\libgcc.a(_arm_unorddf2.o)
 .ARM.attributes
                0x00000e03       0x1d c:/progra~2/gnuarm~1/102021~1.10/bin/../lib/gcc/arm-none-eabi/10.3.1/thumb/v7-m/nofp\libgcc.a(_arm_fixdfsi.o)
 .ARM.attributes
                0x00000e20       0x1d c:/progra~2/gnuarm~1/102021~1.10/bin/../lib/gcc/arm-none-eabi/10.3.1/thumb/v7-m/nofp\libgcc.a(_arm_addsubsf3.o)
 .ARM.attributes
                0x00000e3d       0x1d c:/progra~2/gnuarm~1/102021~1.10/bin/../lib/gcc/arm-none-eabi/10.3.1/thumb/v7-m/nofp\libgcc.a(_arm_fixunssfsi.o)
 .ARM.attributes
                0x00000e5a       0x1d c:/progra~2/gnuarm~1/102021~1.10/bin/../lib/gcc/arm-none-eabi/10.3.1/thumb/v7-m/nofp\libgcc.a(_aeabi_uldivmod.o)
 .ARM.attributes
                0x00000e77       0x2d c:/progra~2/gnuarm~1/102021~1.10/bin/../lib/gcc/arm-none-eabi/10.3.1/thumb/v7-m/nofp\libgcc.a(_udivmoddi4.o)
 .ARM.attributes
                0x00000ea4       0x1d c:/progra~2/gnuarm~1/102021~1.10/bin/../lib/gcc/arm-none-eabi/10.3.1/thumb/v7-m/nofp\libgcc.a(_dvmd_tls.o)
 .ARM.attributes
                0x00000ec1       0x1d c:/progra~2/gnuarm~1/102021~1.10/bin/../lib/gcc/arm-none-eabi/10.3.1/thumb/v7-m/nofp/crtn.o
OUTPUT(RFID.elf elf32-littlearm)
LOAD linker stubs
LOAD c:/progra~2/gnuarm~1/102021~1.10/bin/../lib/gcc/arm-none-eabi/10.3.1/../../../../arm-none-eabi/lib/thumb/v7-m/nofp\libc.a
LOAD c:/progra~2/gnuarm~1/102021~1.10/bin/../lib/gcc/arm-none-eabi/10.3.1/../../../../arm-none-eabi/lib/thumb/v7-m/nofp\libm.a
LOAD c:/progra~2/gnuarm~1/102021~1.10/bin/../lib/gcc/arm-none-eabi/10.3.1/thumb/v7-m/nofp\libgcc.a

.debug_info     0x00000000    0x15f4a
 .debug_info    0x00000000      0x3a9 CMakeFiles/RFID.elf.dir/Drivers/CMSIS/Device/system_stm32f4xx.c.obj
 .debug_info    0x000003a9       0x22 CMakeFiles/RFID.elf.dir/Drivers/CMSIS/Device/startup_stm32f411xe.s.obj
 .debug_info    0x000003cb      0xbd3 CMakeFiles/RFID.elf.dir/Core/Src/main.c.obj
 .debug_info    0x00000f9e      0x7f4 CMakeFiles/RFID.elf.dir/Core/Src/RFID_module.c.obj
 .debug_info    0x00001792     0x192f CMakeFiles/RFID.elf.dir/Core/Src/rc522.c.obj
 .debug_info    0x000030c1      0x144 CMakeFiles/RFID.elf.dir/Core/Src/stm32f4xx_it.c.obj
 .debug_info    0x00003205      0xf9b CMakeFiles/RFID.elf.dir/Core/Src/low_level.c.obj
 .debug_info    0x000041a0      0xffa CMakeFiles/RFID.elf.dir/Core/Src/lock.c.obj
 .debug_info    0x0000519a      0x981 CMakeFiles/RFID.elf.dir/Drivers/STM32F4xx_HAL_Driver/Src/stm32f4xx_hal.c.obj
 .debug_info    0x00005b1b     0x4187 CMakeFiles/RFID.elf.dir/Drivers/STM32F4xx_HAL_Driver/Src/stm32f4xx_hal_uart.c.obj
 .debug_info    0x00009ca2     0x3dbe CMakeFiles/RFID.elf.dir/Drivers/STM32F4xx_HAL_Driver/Src/stm32f4xx_hal_tim.c.obj
 .debug_info    0x0000da60      0x7d4 CMakeFiles/RFID.elf.dir/Drivers/STM32F4xx_HAL_Driver/Src/stm32f4xx_hal_gpio.c.obj
 .debug_info    0x0000e234      0xb2a CMakeFiles/RFID.elf.dir/Drivers/STM32F4xx_HAL_Driver/Src/stm32f4xx_hal_rcc.c.obj
 .debug_info    0x0000ed5e     0x104e CMakeFiles/RFID.elf.dir/Drivers/STM32F4xx_HAL_Driver/Src/stm32f4xx_hal_cortex.c.obj
 .debug_info    0x0000fdac     0x1da1 CMakeFiles/RFID.elf.dir/Drivers/STM32F4xx_HAL_Driver/Src/stm32f4xx_hal_spi.c.obj
 .debug_info    0x00011b4d      0x171 CMakeFiles/RFID.elf.dir/Drivers/iUnilib/common/delay.c.obj
 .debug_info    0x00011cbe      0x44a CMakeFiles/RFID.elf.dir/Drivers/iUnilib/common/fifo.c.obj
 .debug_info    0x00012108      0x416 CMakeFiles/RFID.elf.dir/Drivers/iUnilib/common/software_timer.c.obj
 .debug_info    0x0001251e     0x1482 CMakeFiles/RFID.elf.dir/Drivers/iUnilib/Interface/interface_modules/uart_device/uart_it.c.obj
 .debug_info    0x000139a0     0x1014 CMakeFiles/RFID.elf.dir/Drivers/iUnilib/Interface/interface.c.obj
 .debug_info    0x000149b4      0xaad CMakeFiles/RFID.elf.dir/Drivers/iUnilib/Interface/interface_collector.c.obj
 .debug_info    0x00015461      0xae9 CMakeFiles/RFID.elf.dir/Drivers/iUnilib/Interface/interface_modules/uart_device/uart_device.c.obj

.debug_abbrev   0x00000000     0x2da5
 .debug_abbrev  0x00000000      0x119 CMakeFiles/RFID.elf.dir/Drivers/CMSIS/Device/system_stm32f4xx.c.obj
 .debug_abbrev  0x00000119       0x12 CMakeFiles/RFID.elf.dir/Drivers/CMSIS/Device/startup_stm32f411xe.s.obj
 .debug_abbrev  0x0000012b      0x1ed CMakeFiles/RFID.elf.dir/Core/Src/main.c.obj
 .debug_abbrev  0x00000318      0x1d9 CMakeFiles/RFID.elf.dir/Core/Src/RFID_module.c.obj
 .debug_abbrev  0x000004f1      0x34e CMakeFiles/RFID.elf.dir/Core/Src/rc522.c.obj
 .debug_abbrev  0x0000083f       0x7e CMakeFiles/RFID.elf.dir/Core/Src/stm32f4xx_it.c.obj
 .debug_abbrev  0x000008bd      0x21a CMakeFiles/RFID.elf.dir/Core/Src/low_level.c.obj
 .debug_abbrev  0x00000ad7      0x24f CMakeFiles/RFID.elf.dir/Core/Src/lock.c.obj
 .debug_abbrev  0x00000d26      0x237 CMakeFiles/RFID.elf.dir/Drivers/STM32F4xx_HAL_Driver/Src/stm32f4xx_hal.c.obj
 .debug_abbrev  0x00000f5d      0x30e CMakeFiles/RFID.elf.dir/Drivers/STM32F4xx_HAL_Driver/Src/stm32f4xx_hal_uart.c.obj
 .debug_abbrev  0x0000126b      0x243 CMakeFiles/RFID.elf.dir/Drivers/STM32F4xx_HAL_Driver/Src/stm32f4xx_hal_tim.c.obj
 .debug_abbrev  0x000014ae      0x1ef CMakeFiles/RFID.elf.dir/Drivers/STM32F4xx_HAL_Driver/Src/stm32f4xx_hal_gpio.c.obj
 .debug_abbrev  0x0000169d      0x28a CMakeFiles/RFID.elf.dir/Drivers/STM32F4xx_HAL_Driver/Src/stm32f4xx_hal_rcc.c.obj
 .debug_abbrev  0x00001927      0x361 CMakeFiles/RFID.elf.dir/Drivers/STM32F4xx_HAL_Driver/Src/stm32f4xx_hal_cortex.c.obj
 .debug_abbrev  0x00001c88      0x246 CMakeFiles/RFID.elf.dir/Drivers/STM32F4xx_HAL_Driver/Src/stm32f4xx_hal_spi.c.obj
 .debug_abbrev  0x00001ece       0xdf CMakeFiles/RFID.elf.dir/Drivers/iUnilib/common/delay.c.obj
 .debug_abbrev  0x00001fad      0x220 CMakeFiles/RFID.elf.dir/Drivers/iUnilib/common/fifo.c.obj
 .debug_abbrev  0x000021cd      0x134 CMakeFiles/RFID.elf.dir/Drivers/iUnilib/common/software_timer.c.obj
 .debug_abbrev  0x00002301      0x3ba CMakeFiles/RFID.elf.dir/Drivers/iUnilib/Interface/interface_modules/uart_device/uart_it.c.obj
 .debug_abbrev  0x000026bb      0x319 CMakeFiles/RFID.elf.dir/Drivers/iUnilib/Interface/interface.c.obj
 .debug_abbrev  0x000029d4      0x22a CMakeFiles/RFID.elf.dir/Drivers/iUnilib/Interface/interface_collector.c.obj
 .debug_abbrev  0x00002bfe      0x1a7 CMakeFiles/RFID.elf.dir/Drivers/iUnilib/Interface/interface_modules/uart_device/uart_device.c.obj

.debug_loc      0x00000000     0xf088
 .debug_loc     0x00000000      0x158 CMakeFiles/RFID.elf.dir/Drivers/CMSIS/Device/system_stm32f4xx.c.obj
 .debug_loc     0x00000158      0x44b CMakeFiles/RFID.elf.dir/Core/Src/RFID_module.c.obj
 .debug_loc     0x000005a3      0xca5 CMakeFiles/RFID.elf.dir/Core/Src/rc522.c.obj
 .debug_loc     0x00001248      0x1b3 CMakeFiles/RFID.elf.dir/Core/Src/low_level.c.obj
 .debug_loc     0x000013fb       0x42 CMakeFiles/RFID.elf.dir/Core/Src/lock.c.obj
 .debug_loc     0x0000143d      0x141 CMakeFiles/RFID.elf.dir/Drivers/STM32F4xx_HAL_Driver/Src/stm32f4xx_hal.c.obj
 .debug_loc     0x0000157e     0x46c8 CMakeFiles/RFID.elf.dir/Drivers/STM32F4xx_HAL_Driver/Src/stm32f4xx_hal_uart.c.obj
 .debug_loc     0x00005c46     0x515d CMakeFiles/RFID.elf.dir/Drivers/STM32F4xx_HAL_Driver/Src/stm32f4xx_hal_tim.c.obj
 .debug_loc     0x0000ada3      0x520 CMakeFiles/RFID.elf.dir/Drivers/STM32F4xx_HAL_Driver/Src/stm32f4xx_hal_gpio.c.obj
 .debug_loc     0x0000b2c3      0x5a8 CMakeFiles/RFID.elf.dir/Drivers/STM32F4xx_HAL_Driver/Src/stm32f4xx_hal_rcc.c.obj
 .debug_loc     0x0000b86b      0x744 CMakeFiles/RFID.elf.dir/Drivers/STM32F4xx_HAL_Driver/Src/stm32f4xx_hal_cortex.c.obj
 .debug_loc     0x0000bfaf     0x1bbe CMakeFiles/RFID.elf.dir/Drivers/STM32F4xx_HAL_Driver/Src/stm32f4xx_hal_spi.c.obj
 .debug_loc     0x0000db6d      0x11e CMakeFiles/RFID.elf.dir/Drivers/iUnilib/common/delay.c.obj
 .debug_loc     0x0000dc8b      0x219 CMakeFiles/RFID.elf.dir/Drivers/iUnilib/common/fifo.c.obj
 .debug_loc     0x0000dea4      0x143 CMakeFiles/RFID.elf.dir/Drivers/iUnilib/common/software_timer.c.obj
 .debug_loc     0x0000dfe7      0x456 CMakeFiles/RFID.elf.dir/Drivers/iUnilib/Interface/interface_modules/uart_device/uart_it.c.obj
 .debug_loc     0x0000e43d      0x55f CMakeFiles/RFID.elf.dir/Drivers/iUnilib/Interface/interface.c.obj
 .debug_loc     0x0000e99c       0xc5 CMakeFiles/RFID.elf.dir/Drivers/iUnilib/Interface/interface_collector.c.obj
 .debug_loc     0x0000ea61      0x627 CMakeFiles/RFID.elf.dir/Drivers/iUnilib/Interface/interface_modules/uart_device/uart_device.c.obj

.debug_aranges  0x00000000      0xf20
 .debug_aranges
                0x00000000       0x28 CMakeFiles/RFID.elf.dir/Drivers/CMSIS/Device/system_stm32f4xx.c.obj
 .debug_aranges
                0x00000028       0x28 CMakeFiles/RFID.elf.dir/Drivers/CMSIS/Device/startup_stm32f411xe.s.obj
 .debug_aranges
                0x00000050       0x28 CMakeFiles/RFID.elf.dir/Core/Src/main.c.obj
 .debug_aranges
                0x00000078       0x68 CMakeFiles/RFID.elf.dir/Core/Src/RFID_module.c.obj
 .debug_aranges
                0x000000e0       0xc8 CMakeFiles/RFID.elf.dir/Core/Src/rc522.c.obj
 .debug_aranges
                0x000001a8       0x60 CMakeFiles/RFID.elf.dir/Core/Src/stm32f4xx_it.c.obj
 .debug_aranges
                0x00000208       0x40 CMakeFiles/RFID.elf.dir/Core/Src/low_level.c.obj
 .debug_aranges
                0x00000248       0x68 CMakeFiles/RFID.elf.dir/Core/Src/lock.c.obj
 .debug_aranges
                0x000002b0       0xf0 CMakeFiles/RFID.elf.dir/Drivers/STM32F4xx_HAL_Driver/Src/stm32f4xx_hal.c.obj
 .debug_aranges
                0x000003a0      0x208 CMakeFiles/RFID.elf.dir/Drivers/STM32F4xx_HAL_Driver/Src/stm32f4xx_hal_uart.c.obj
 .debug_aranges
                0x000005a8      0x3d0 CMakeFiles/RFID.elf.dir/Drivers/STM32F4xx_HAL_Driver/Src/stm32f4xx_hal_tim.c.obj
 .debug_aranges
                0x00000978       0x58 CMakeFiles/RFID.elf.dir/Drivers/STM32F4xx_HAL_Driver/Src/stm32f4xx_hal_gpio.c.obj
 .debug_aranges
                0x000009d0       0x88 CMakeFiles/RFID.elf.dir/Drivers/STM32F4xx_HAL_Driver/Src/stm32f4xx_hal_rcc.c.obj
 .debug_aranges
                0x00000a58       0xc0 CMakeFiles/RFID.elf.dir/Drivers/STM32F4xx_HAL_Driver/Src/stm32f4xx_hal_cortex.c.obj
 .debug_aranges